Archive member included to satisfy reference by file (symbol)

c:/intelfpga_lite/16.1/nios2eds/bin/gnu/h-x86_64-mingw32/bin/../lib/gcc/nios2-elf/5.3.0\libgcc.a(lib2-divmod.o)
                              obj/default/hello_world.o (__modsi3)
c:/intelfpga_lite/16.1/nios2eds/bin/gnu/h-x86_64-mingw32/bin/../lib/gcc/nios2-elf/5.3.0/../../../../../H-x86_64-mingw32/nios2-elf/lib\libc.a(lib_a-clock.o)
                              obj/default/hello_world.o (clock)
c:/intelfpga_lite/16.1/nios2eds/bin/gnu/h-x86_64-mingw32/bin/../lib/gcc/nios2-elf/5.3.0/../../../../../H-x86_64-mingw32/nios2-elf/lib\libc.a(lib_a-impure.o)
                              c:/intelfpga_lite/16.1/nios2eds/bin/gnu/h-x86_64-mingw32/bin/../lib/gcc/nios2-elf/5.3.0/../../../../../H-x86_64-mingw32/nios2-elf/lib\libc.a(lib_a-clock.o) (_impure_ptr)
c:/intelfpga_lite/16.1/nios2eds/bin/gnu/h-x86_64-mingw32/bin/../lib/gcc/nios2-elf/5.3.0/../../../../../H-x86_64-mingw32/nios2-elf/lib\libc.a(lib_a-rand.o)
                              obj/default/hello_world.o (srand)
c:/intelfpga_lite/16.1/nios2eds/bin/gnu/h-x86_64-mingw32/bin/../lib/gcc/nios2-elf/5.3.0/../../../../../H-x86_64-mingw32/nios2-elf/lib\libc.a(lib_a-time.o)
                              obj/default/hello_world.o (time)
c:/intelfpga_lite/16.1/nios2eds/bin/gnu/h-x86_64-mingw32/bin/../lib/gcc/nios2-elf/5.3.0/../../../../../H-x86_64-mingw32/nios2-elf/lib\libc.a(lib_a-timesr.o)
                              c:/intelfpga_lite/16.1/nios2eds/bin/gnu/h-x86_64-mingw32/bin/../lib/gcc/nios2-elf/5.3.0/../../../../../H-x86_64-mingw32/nios2-elf/lib\libc.a(lib_a-clock.o) (_times_r)
c:/intelfpga_lite/16.1/nios2eds/bin/gnu/h-x86_64-mingw32/bin/../lib/gcc/nios2-elf/5.3.0/../../../../../H-x86_64-mingw32/nios2-elf/lib\libc.a(lib_a-gettimeofdayr.o)
                              c:/intelfpga_lite/16.1/nios2eds/bin/gnu/h-x86_64-mingw32/bin/../lib/gcc/nios2-elf/5.3.0/../../../../../H-x86_64-mingw32/nios2-elf/lib\libc.a(lib_a-time.o) (_gettimeofday_r)
c:/intelfpga_lite/16.1/nios2eds/bin/gnu/h-x86_64-mingw32/bin/../lib/gcc/nios2-elf/5.3.0/../../../../../H-x86_64-mingw32/nios2-elf/lib\libc.a(lib_a-int_errno.o)
                              c:/intelfpga_lite/16.1/nios2eds/bin/gnu/h-x86_64-mingw32/bin/../lib/gcc/nios2-elf/5.3.0/../../../../../H-x86_64-mingw32/nios2-elf/lib\libc.a(lib_a-gettimeofdayr.o) (errno)
c:/intelfpga_lite/16.1/nios2eds/bin/gnu/h-x86_64-mingw32/bin/../lib/gcc/nios2-elf/5.3.0\libgcc.a(_muldi3.o)
                              c:/intelfpga_lite/16.1/nios2eds/bin/gnu/h-x86_64-mingw32/bin/../lib/gcc/nios2-elf/5.3.0/../../../../../H-x86_64-mingw32/nios2-elf/lib\libc.a(lib_a-rand.o) (__muldi3)
../hwsw_project_bsp/\libhal_bsp.a(alt_gettod.o)
                              c:/intelfpga_lite/16.1/nios2eds/bin/gnu/h-x86_64-mingw32/bin/../lib/gcc/nios2-elf/5.3.0/../../../../../H-x86_64-mingw32/nios2-elf/lib\libc.a(lib_a-gettimeofdayr.o) (gettimeofday)
../hwsw_project_bsp/\libhal_bsp.a(alt_load.o)
                              ../hwsw_project_bsp//obj/HAL/src/crt0.o (alt_load)
../hwsw_project_bsp/\libhal_bsp.a(alt_main.o)
                              ../hwsw_project_bsp//obj/HAL/src/crt0.o (alt_main)
../hwsw_project_bsp/\libhal_bsp.a(alt_tick.o)
                              ../hwsw_project_bsp/\libhal_bsp.a(alt_gettod.o) (_alt_tick_rate)
../hwsw_project_bsp/\libhal_bsp.a(alt_times.o)
                              c:/intelfpga_lite/16.1/nios2eds/bin/gnu/h-x86_64-mingw32/bin/../lib/gcc/nios2-elf/5.3.0/../../../../../H-x86_64-mingw32/nios2-elf/lib\libc.a(lib_a-timesr.o) (times)
../hwsw_project_bsp/\libhal_bsp.a(alt_sys_init.o)
                              ../hwsw_project_bsp/\libhal_bsp.a(alt_main.o) (alt_irq_init)
../hwsw_project_bsp/\libhal_bsp.a(altera_avalon_jtag_uart_fd.o)
                              ../hwsw_project_bsp/\libhal_bsp.a(alt_sys_init.o) (altera_avalon_jtag_uart_read_fd)
../hwsw_project_bsp/\libhal_bsp.a(altera_avalon_jtag_uart_read.o)
                              ../hwsw_project_bsp/\libhal_bsp.a(altera_avalon_jtag_uart_fd.o) (altera_avalon_jtag_uart_read)
../hwsw_project_bsp/\libhal_bsp.a(altera_avalon_jtag_uart_write.o)
                              ../hwsw_project_bsp/\libhal_bsp.a(altera_avalon_jtag_uart_fd.o) (altera_avalon_jtag_uart_write)
../hwsw_project_bsp/\libhal_bsp.a(altera_avalon_timer_sc.o)
                              ../hwsw_project_bsp/\libhal_bsp.a(alt_sys_init.o) (alt_avalon_timer_sc_init)
../hwsw_project_bsp/\libhal_bsp.a(altera_avalon_uart_fd.o)
                              ../hwsw_project_bsp/\libhal_bsp.a(alt_sys_init.o) (altera_avalon_uart_read_fd)
../hwsw_project_bsp/\libhal_bsp.a(altera_avalon_uart_read.o)
                              ../hwsw_project_bsp/\libhal_bsp.a(altera_avalon_uart_fd.o) (altera_avalon_uart_read)
../hwsw_project_bsp/\libhal_bsp.a(altera_avalon_uart_write.o)
                              ../hwsw_project_bsp/\libhal_bsp.a(altera_avalon_uart_fd.o) (altera_avalon_uart_write)
[...]
Memory Configuration

Name             Origin             Length             Attributes
reset            0x0000000000010000 0x0000000000000020
onchip_memory2_0 0x0000000000010020 0x000000000000ffe0
*default*        0x0000000000000000 0xffffffffffffffff

Linker script and memory map

LOAD ../hwsw_project_bsp//obj/HAL/src/crt0.o
LOAD obj/default/hello_world.o
LOAD c:/intelfpga_lite/16.1/nios2eds/bin/gnu/h-x86_64-mingw32/bin/../lib/gcc/nios2-elf/5.3.0/../../../../../H-x86_64-mingw32/nios2-elf/lib\libstdc++.a
LOAD c:/intelfpga_lite/16.1/nios2eds/bin/gnu/h-x86_64-mingw32/bin/../lib/gcc/nios2-elf/5.3.0/../../../../../H-x86_64-mingw32/nios2-elf/lib\libm.a
LOAD c:/intelfpga_lite/16.1/nios2eds/bin/gnu/h-x86_64-mingw32/bin/../lib/gcc/nios2-elf/5.3.0\libgcc.a
START GROUP
LOAD c:/intelfpga_lite/16.1/nios2eds/bin/gnu/h-x86_64-mingw32/bin/../lib/gcc/nios2-elf/5.3.0/../../../../../H-x86_64-mingw32/nios2-elf/lib\libc.a
LOAD c:/intelfpga_lite/16.1/nios2eds/bin/gnu/h-x86_64-mingw32/bin/../lib/gcc/nios2-elf/5.3.0\libgcc.a
LOAD ../hwsw_project_bsp/\libhal_bsp.a
LOAD c:/intelfpga_lite/16.1/nios2eds/bin/gnu/h-x86_64-mingw32/bin/../lib/gcc/nios2-elf/5.3.0/../../../../../H-x86_64-mingw32/nios2-elf/lib\libm.a
END GROUP
LOAD c:/intelfpga_lite/16.1/nios2eds/bin/gnu/h-x86_64-mingw32/bin/../lib/gcc/nios2-elf/5.3.0\libgcc.a
                0x0000000000010000                __alt_mem_onchip_memory2_0 = 0x10000

.entry          0x0000000000010000       0x20
 *(.entry)
 .entry         0x0000000000010000       0x20 ../hwsw_project_bsp//obj/HAL/src/crt0.o
                0x0000000000010000                __reset

.exceptions     0x0000000000010020      0x1a0
                0x0000000000010020                PROVIDE (__ram_exceptions_start, ABSOLUTE (.))
                0x0000000000010020                . = ALIGN (0x20)
 *(.irq)
 *(.exceptions.entry.label)
 .exceptions.entry.label
                0x0000000000010020        0x0 ../hwsw_project_bsp/\libhal_bsp.a(alt_irq_entry.o)
                0x0000000000010020                alt_irq_entry
 .exceptions.entry.label
                0x0000000000010020        0x0 ../hwsw_project_bsp/\libhal_bsp.a(alt_exception_entry.o)
                0x0000000000010020                alt_exception
 *(.exceptions.entry.user)
 *(.exceptions.entry.ecc_fatal)
 *(.exceptions.entry)
 .exceptions.entry
                0x0000000000010020       0x54 ../hwsw_project_bsp/\libhal_bsp.a(alt_exception_entry.o)
 *(.exceptions.irqtest.user)
 *(.exceptions.irqtest)
 .exceptions.irqtest
                0x0000000000010074       0x10 ../hwsw_project_bsp/\libhal_bsp.a(alt_irq_entry.o)
 *(.exceptions.irqhandler.user)
 *(.exceptions.irqhandler)
 .exceptions.irqhandler
                0x0000000000010084        0x4 ../hwsw_project_bsp/\libhal_bsp.a(alt_irq_entry.o)
 *(.exceptions.irqreturn.user)
 *(.exceptions.irqreturn)
 .exceptions.irqreturn
                0x0000000000010088        0x4 ../hwsw_project_bsp/\libhal_bsp.a(alt_irq_entry.o)
 *(.exceptions.notirq.label)
 .exceptions.notirq.label
                0x000000000001008c        0x0 ../hwsw_project_bsp/\libhal_bsp.a(alt_irq_entry.o)
 *(.exceptions.notirq.user)
 *(.exceptions.notirq)
 .exceptions.notirq
                0x000000000001008c        0x8 ../hwsw_project_bsp/\libhal_bsp.a(alt_exception_entry.o)
 *(.exceptions.soft.user)
 *(.exceptions.soft)
 *(.exceptions.unknown.user)
 *(.exceptions.unknown)
 .exceptions.unknown
                0x0000000000010094        0x4 ../hwsw_project_bsp/\libhal_bsp.a(alt_exception_entry.o)
 *(.exceptions.exit.label)
 .exceptions.exit.label
                0x0000000000010098        0x0 ../hwsw_project_bsp/\libhal_bsp.a(alt_irq_entry.o)
 .exceptions.exit.label
                0x0000000000010098        0x0 ../hwsw_project_bsp/\libhal_bsp.a(alt_exception_entry.o)
 *(.exceptions.exit.user)
 *(.exceptions.exit)
 .exceptions.exit
                0x0000000000010098       0x54 ../hwsw_project_bsp/\libhal_bsp.a(alt_exception_entry.o)
 *(.exceptions)
 .exceptions    0x00000000000100ec       0xd4 ../hwsw_project_bsp/\libhal_bsp.a(alt_irq_handler.o)
                0x00000000000100ec                alt_irq_handler
                0x00000000000101c0                PROVIDE (__ram_exceptions_end, ABSOLUTE (.))
                0x0000000000010020                PROVIDE (__flash_exceptions_start, LOADADDR (.exceptions))

.text           0x00000000000101c0     0x3fa4
                [!provide]                        PROVIDE (stext, ABSOLUTE (.))
 *(.interp)
 *(.hash)
 *(.dynsym)
 *(.dynstr)
 *(.gnu.version)
 *(.gnu.version_d)
 *(.gnu.version_r)
 *(.rel.init)
 *(.rela.init)
 *(.rel.text .rel.text.* .rel.gnu.linkonce.t.*)
 *(.rela.text .rela.text.* .rela.gnu.linkonce.t.*)
 *(.rel.fini)
 *(.rela.fini)
 *(.rel.rodata .rel.rodata.* .rel.gnu.linkonce.r.*)
 *(.rela.rodata .rela.rodata.* .rela.gnu.linkonce.r.*)
 *(.rel.data .rel.data.* .rel.gnu.linkonce.d.*)
 *(.rela.data .rela.data.* .rela.gnu.linkonce.d.*)
 *(.rel.tdata .rel.tdata.* .rel.gnu.linkonce.td.*)
 *(.rela.tdata .rela.tdata.* .rela.gnu.linkonce.td.*)
 *(.rel.tbss .rel.tbss.* .rel.gnu.linkonce.tb.*)
 *(.rela.tbss .rela.tbss.* .rela.gnu.linkonce.tb.*)
 *(.rel.ctors)
 *(.rela.ctors)
 *(.rel.dtors)
 *(.rela.dtors)
 *(.rel.got)
 *(.rela.got)
 *(.rel.sdata .rel.sdata.* .rel.gnu.linkonce.s.*)
 *(.rela.sdata .rela.sdata.* .rela.gnu.linkonce.s.*)
 *(.rel.sbss .rel.sbss.* .rel.gnu.linkonce.sb.*)
 *(.rela.sbss .rela.sbss.* .rela.gnu.linkonce.sb.*)
 *(.rel.sdata2 .rel.sdata2.* .rel.gnu.linkonce.s2.*)
 *(.rela.sdata2 .rela.sdata2.* .rela.gnu.linkonce.s2.*)
 *(.rel.sbss2 .rel.sbss2.* .rel.gnu.linkonce.sb2.*)
 *(.rela.sbss2 .rela.sbss2.* .rela.gnu.linkonce.sb2.*)
 *(.rel.bss .rel.bss.* .rel.gnu.linkonce.b.*)
 *(.rela.bss .rela.bss.* .rela.gnu.linkonce.b.*)
 *(.rel.plt)
 *(.rela.plt)
 *(.rel.dyn)
 *(.init)
 *(.plt)
 *(.text .stub .text.* .gnu.linkonce.t.*)
 .text          0x00000000000101c0       0x4c ../hwsw_project_bsp//obj/HAL/src/crt0.o
                0x00000000000101c0                _start
 .text          0x000000000001020c     0x1900 obj/default/hello_world.o
                0x000000000001020c                wr
                0x0000000000010254                wc
                0x0000000000010298                ws
                0x00000000000102dc                wb
                0x0000000000010320                wbcoord
                0x0000000000010370                rd
                0x00000000000103c8                clearScreen
                0x000000000001041c                clearBoard
                0x000000000001049c                createTitle
                0x00000000000104bc                initBoard
                0x00000000000109d4                init
                0x0000000000010b4c                snakeInit
                0x0000000000010c7c                show
                0x0000000000010de8                random
                0x0000000000010ed8                gameOver
                0x00000000000116a8                checkGameOver
                0x0000000000011730                checkFood
                0x000000000001179c                updateHead
                0x00000000000117f4                movement
                0x00000000000119a0                tailRemove
                0x0000000000011a64                delay
                0x0000000000011ab4                main
 .text          0x0000000000011b0c      0x1b4 c:/intelfpga_lite/16.1/nios2eds/bin/gnu/h-x86_64-mingw32/bin/../lib/gcc/nios2-elf/5.3.0\libgcc.a(lib2-divmod.o)
                0x0000000000011b0c                __divsi3
                0x0000000000011b90                __modsi3
                0x0000000000011c04                __udivsi3
                0x0000000000011c68                __umodsi3
 .text          0x0000000000011cc0        0x0 c:/intelfpga_lite/16.1/nios2eds/bin/gnu/h-x86_64-mingw32/bin/../lib/gcc/nios2-elf/5.3.0/../../../../../H-x86_64-mingw32/nios2-elf/lib\libc.a(lib_a-clock.o)
 .text.clock    0x0000000000011cc0       0x4c c:/intelfpga_lite/16.1/nios2eds/bin/gnu/h-x86_64-mingw32/bin/../lib/gcc/nios2-elf/5.3.0/../../../../../H-x86_64-mingw32/nios2-elf/lib\libc.a(lib_a-clock.o)
                0x0000000000011cc0                clock
 .text          0x0000000000011d0c        0x0 c:/intelfpga_lite/16.1/nios2eds/bin/gnu/h-x86_64-mingw32/bin/../lib/gcc/nios2-elf/5.3.0/../../../../../H-x86_64-mingw32/nios2-elf/lib\libc.a(lib_a-impure.o)
 .text          0x0000000000011d0c        0x0 c:/intelfpga_lite/16.1/nios2eds/bin/gnu/h-x86_64-mingw32/bin/../lib/gcc/nios2-elf/5.3.0/../../../../../H-x86_64-mingw32/nios2-elf/lib\libc.a(lib_a-rand.o)
 .text.srand    0x0000000000011d0c       0x18 c:/intelfpga_lite/16.1/nios2eds/bin/gnu/h-x86_64-mingw32/bin/../lib/gcc/nios2-elf/5.3.0/../../../../../H-x86_64-mingw32/nios2-elf/lib\libc.a(lib_a-rand.o)
                0x0000000000011d0c                srand
 .text.rand     0x0000000000011d24       0x64 c:/intelfpga_lite/16.1/nios2eds/bin/gnu/h-x86_64-mingw32/bin/../lib/gcc/nios2-elf/5.3.0/../../../../../H-x86_64-mingw32/nios2-elf/lib\libc.a(lib_a-rand.o)
                0x0000000000011d24                rand
 .text          0x0000000000011d88        0x0 c:/intelfpga_lite/16.1/nios2eds/bin/gnu/h-x86_64-mingw32/bin/../lib/gcc/nios2-elf/5.3.0/../../../../../H-x86_64-mingw32/nios2-elf/lib\libc.a(lib_a-time.o)
 .text.time     0x0000000000011d88       0x50 c:/intelfpga_lite/16.1/nios2eds/bin/gnu/h-x86_64-mingw32/bin/../lib/gcc/nios2-elf/5.3.0/../../../../../H-x86_64-mingw32/nios2-elf/lib\libc.a(lib_a-time.o)
                0x0000000000011d88                time
 .text          0x0000000000011dd8        0x0 c:/intelfpga_lite/16.1/nios2eds/bin/gnu/h-x86_64-mingw32/bin/../lib/gcc/nios2-elf/5.3.0/../../../../../H-x86_64-mingw32/nios2-elf/lib\libc.a(lib_a-timesr.o)
 .text._times_r
                0x0000000000011dd8        0x8 c:/intelfpga_lite/16.1/nios2eds/bin/gnu/h-x86_64-mingw32/bin/../lib/gcc/nios2-elf/5.3.0/../../../../../H-x86_64-mingw32/nios2-elf/lib\libc.a(lib_a-timesr.o)
                0x0000000000011dd8                _times_r
 .text          0x0000000000011de0        0x0 c:/intelfpga_lite/16.1/nios2eds/bin/gnu/h-x86_64-mingw32/bin/../lib/gcc/nios2-elf/5.3.0/../../../../../H-x86_64-mingw32/nios2-elf/lib\libc.a(lib_a-gettimeofdayr.o)
 .text._gettimeofday_r
                0x0000000000011de0       0x5c c:/intelfpga_lite/16.1/nios2eds/bin/gnu/h-x86_64-mingw32/bin/../lib/gcc/nios2-elf/5.3.0/../../../../../H-x86_64-mingw32/nios2-elf/lib\libc.a(lib_a-gettimeofdayr.o)
                0x0000000000011de0                _gettimeofday_r
 .text          0x0000000000011e3c        0x0 c:/intelfpga_lite/16.1/nios2eds/bin/gnu/h-x86_64-mingw32/bin/../lib/gcc/nios2-elf/5.3.0/../../../../../H-x86_64-mingw32/nios2-elf/lib\libc.a(lib_a-int_errno.o)
 .text          0x0000000000011e3c       0x60 c:/intelfpga_lite/16.1/nios2eds/bin/gnu/h-x86_64-mingw32/bin/../lib/gcc/nios2-elf/5.3.0\libgcc.a(_muldi3.o)
                0x0000000000011e3c                __muldi3
 .text          0x0000000000011e9c      0x1f4 ../hwsw_project_bsp/\libhal_bsp.a(alt_gettod.o)
                0x0000000000011e9c                gettimeofday
 .text          0x0000000000012090       0xec ../hwsw_project_bsp/\libhal_bsp.a(alt_load.o)
                0x00000000000120f8                alt_load
 .text          0x000000000001217c       0x7c ../hwsw_project_bsp/\libhal_bsp.a(alt_main.o)
                0x000000000001217c                alt_main
 .text          0x00000000000121f8      0x1a4 ../hwsw_project_bsp/\libhal_bsp.a(alt_tick.o)
                0x00000000000121f8                alt_alarm_stop
                0x0000000000012294                alt_tick
 .text          0x000000000001239c       0xb4 ../hwsw_project_bsp/\libhal_bsp.a(alt_times.o)
                0x00000000000123d8                times
 .text          0x0000000000012450       0xc4 ../hwsw_project_bsp/\libhal_bsp.a(alt_sys_init.o)
                0x0000000000012484                alt_irq_init
                0x00000000000124bc                alt_sys_init
 .text          0x0000000000012514       0xc0 ../hwsw_project_bsp/\libhal_bsp.a(altera_avalon_jtag_uart_fd.o)
                0x0000000000012514                altera_avalon_jtag_uart_read_fd
                0x0000000000012574                altera_avalon_jtag_uart_write_fd
 .text          0x00000000000125d4       0xec ../hwsw_project_bsp/\libhal_bsp.a(altera_avalon_jtag_uart_read.o)
                0x00000000000125d4                altera_avalon_jtag_uart_read
 .text          0x00000000000126c0       0x94 ../hwsw_project_bsp/\libhal_bsp.a(altera_avalon_jtag_uart_write.o)
                0x00000000000126c0                altera_avalon_jtag_uart_write
 .text          0x0000000000012754       0xf4 ../hwsw_project_bsp/\libhal_bsp.a(altera_avalon_timer_sc.o)
                0x00000000000127cc                alt_avalon_timer_sc_init
 .text          0x0000000000012848       0xc0 ../hwsw_project_bsp/\libhal_bsp.a(altera_avalon_uart_fd.o)
                0x0000000000012848                altera_avalon_uart_read_fd
                0x00000000000128a8                altera_avalon_uart_write_fd
 .text          0x0000000000012908      0x100 ../hwsw_project_bsp/\libhal_bsp.a(altera_avalon_uart_read.o)
                0x0000000000012944                altera_avalon_uart_read
 .text          0x0000000000012a08      0x11c ../hwsw_project_bsp/\libhal_bsp.a(altera_avalon_uart_write.o)
                0x0000000000012a44                altera_avalon_uart_write
 .text          0x0000000000012b24      0x10c ../hwsw_project_bsp/\libhal_bsp.a(alt_close.o)
                0x0000000000012b60                close
 .text          0x0000000000012c30       0x48 ../hwsw_project_bsp/\libhal_bsp.a(alt_dcache_flush_all.o)
                0x0000000000012c30                alt_dcache_flush_all
 .text          0x0000000000012c78       0x2c ../hwsw_project_bsp/\libhal_bsp.a(alt_dev.o)
 .text          0x0000000000012ca4       0xe0 ../hwsw_project_bsp/\libhal_bsp.a(alt_dev_llist_insert.o)
                0x0000000000012ce0                alt_dev_llist_insert
 .text          0x0000000000012d84       0x60 ../hwsw_project_bsp/\libhal_bsp.a(alt_do_ctors.o)
                0x0000000000012d84                _do_ctors
 .text          0x0000000000012de4       0x60 ../hwsw_project_bsp/\libhal_bsp.a(alt_do_dtors.o)
                0x0000000000012de4                _do_dtors
 .text          0x0000000000012e44        0x0 ../hwsw_project_bsp/\libhal_bsp.a(alt_errno.o)
 .text          0x0000000000012e44       0x34 ../hwsw_project_bsp/\libhal_bsp.a(alt_icache_flush_all.o)
                0x0000000000012e44                alt_icache_flush_all
 .text          0x0000000000012e78      0x1b0 ../hwsw_project_bsp/\libhal_bsp.a(alt_iic.o)
                0x0000000000012e78                alt_ic_isr_register
                0x0000000000012ec8                alt_ic_irq_enable
                0x0000000000012f50                alt_ic_irq_disable
                0x0000000000012fdc                alt_ic_irq_enabled
 .text          0x0000000000013028       0xf0 ../hwsw_project_bsp/\libhal_bsp.a(alt_iic_isr_register.o)
                0x0000000000013028                alt_iic_isr_register
 .text          0x0000000000013118      0x140 ../hwsw_project_bsp/\libhal_bsp.a(alt_io_redirect.o)
                0x00000000000131dc                alt_io_redirect
 .text          0x0000000000013258        0x0 ../hwsw_project_bsp/\libhal_bsp.a(alt_irq_entry.o)
 .text          0x0000000000013258        0x0 ../hwsw_project_bsp/\libhal_bsp.a(alt_irq_handler.o)
 .text          0x0000000000013258        0x0 ../hwsw_project_bsp/\libhal_bsp.a(alt_irq_vars.o)
 .text          0x0000000000013258      0x254 ../hwsw_project_bsp/\libhal_bsp.a(alt_open.o)
                0x0000000000013358                open
 .text          0x00000000000134ac       0x64 ../hwsw_project_bsp/\libhal_bsp.a(alt_release_fd.o)
                0x00000000000134ac                alt_release_fd
 .text          0x0000000000013510       0x24 ../hwsw_project_bsp/\libhal_bsp.a(altera_nios2_qsys_irq.o)
                0x0000000000013510                altera_nios2_qsys_irq_init
 .text          0x0000000000013534        0x0 ../hwsw_project_bsp/\libhal_bsp.a(alt_exception_entry.o)
 .text          0x0000000000013534       0x90 ../hwsw_project_bsp/\libhal_bsp.a(alt_find_dev.o)
                0x0000000000013534                alt_find_dev
 .text          0x00000000000135c4      0x108 ../hwsw_project_bsp/\libhal_bsp.a(alt_find_file.o)
                0x00000000000135c4                alt_find_file
 .text          0x00000000000136cc       0xa4 ../hwsw_project_bsp/\libhal_bsp.a(alt_get_fd.o)
                0x00000000000136cc                alt_get_fd
 .text          0x0000000000013770       0x90 ../hwsw_project_bsp/\libhal_bsp.a(alt_icache_flush.o)
                0x0000000000013770                alt_icache_flush
 .text          0x0000000000013800        0x0 c:/intelfpga_lite/16.1/nios2eds/bin/gnu/h-x86_64-mingw32/bin/../lib/gcc/nios2-elf/5.3.0/../../../../../H-x86_64-mingw32/nios2-elf/lib\libc.a(lib_a-atexit.o)
 .text.atexit   0x0000000000013800       0x14 c:/intelfpga_lite/16.1/nios2eds/bin/gnu/h-x86_64-mingw32/bin/../lib/gcc/nios2-elf/5.3.0/../../../../../H-x86_64-mingw32/nios2-elf/lib\libc.a(lib_a-atexit.o)
                0x0000000000013800                atexit
 .text          0x0000000000013814        0x0 c:/intelfpga_lite/16.1/nios2eds/bin/gnu/h-x86_64-mingw32/bin/../lib/gcc/nios2-elf/5.3.0/../../../../../H-x86_64-mingw32/nios2-elf/lib\libc.a(lib_a-exit.o)
 .text.exit     0x0000000000013814       0x38 c:/intelfpga_lite/16.1/nios2eds/bin/gnu/h-x86_64-mingw32/bin/../lib/gcc/nios2-elf/5.3.0/../../../../../H-x86_64-mingw32/nios2-elf/lib\libc.a(lib_a-exit.o)
                0x0000000000013814                exit
 .text          0x000000000001384c        0x0 c:/intelfpga_lite/16.1/nios2eds/bin/gnu/h-x86_64-mingw32/bin/../lib/gcc/nios2-elf/5.3.0/../../../../../H-x86_64-mingw32/nios2-elf/lib\libc.a(lib_a-memcmp.o)
 .text.memcmp   0x000000000001384c       0x7c c:/intelfpga_lite/16.1/nios2eds/bin/gnu/h-x86_64-mingw32/bin/../lib/gcc/nios2-elf/5.3.0/../../../../../H-x86_64-mingw32/nios2-elf/lib\libc.a(lib_a-memcmp.o)
                0x000000000001384c                memcmp
 .text          0x00000000000138c8        0x0 c:/intelfpga_lite/16.1/nios2eds/bin/gnu/h-x86_64-mingw32/bin/../lib/gcc/nios2-elf/5.3.0/../../../../../H-x86_64-mingw32/nios2-elf/lib\libc.a(lib_a-strlen.o)
 .text.strlen   0x00000000000138c8       0x98 c:/intelfpga_lite/16.1/nios2eds/bin/gnu/h-x86_64-mingw32/bin/../lib/gcc/nios2-elf/5.3.0/../../../../../H-x86_64-mingw32/nios2-elf/lib\libc.a(lib_a-strlen.o)
                0x00000000000138c8                strlen
 .text          0x0000000000013960        0x0 c:/intelfpga_lite/16.1/nios2eds/bin/gnu/h-x86_64-mingw32/bin/../lib/gcc/nios2-elf/5.3.0/../../../../../H-x86_64-mingw32/nios2-elf/lib\libc.a(lib_a-__atexit.o)
 .text.__register_exitproc
                0x0000000000013960      0x118 c:/intelfpga_lite/16.1/nios2eds/bin/gnu/h-x86_64-mingw32/bin/../lib/gcc/nios2-elf/5.3.0/../../../../../H-x86_64-mingw32/nios2-elf/lib\libc.a(lib_a-__atexit.o)
                0x0000000000013960                __register_exitproc
 .text          0x0000000000013a78        0x0 c:/intelfpga_lite/16.1/nios2eds/bin/gnu/h-x86_64-mingw32/bin/../lib/gcc/nios2-elf/5.3.0/../../../../../H-x86_64-mingw32/nios2-elf/lib\libc.a(lib_a-__call_atexit.o)
 .text.__call_exitprocs
                0x0000000000013a78      0x180 c:/intelfpga_lite/16.1/nios2eds/bin/gnu/h-x86_64-mingw32/bin/../lib/gcc/nios2-elf/5.3.0/../../../../../H-x86_64-mingw32/nios2-elf/lib\libc.a(lib_a-__call_atexit.o)
                0x0000000000013a78                __call_exitprocs
 .text          0x0000000000013bf8      0x538 c:/intelfpga_lite/16.1/nios2eds/bin/gnu/h-x86_64-mingw32/bin/../lib/gcc/nios2-elf/5.3.0\libgcc.a(_umoddi3.o)
                0x0000000000013bf8                __umoddi3
 .text          0x0000000000014130        0x0 c:/intelfpga_lite/16.1/nios2eds/bin/gnu/h-x86_64-mingw32/bin/../lib/gcc/nios2-elf/5.3.0\libgcc.a(_clz.o)
 .text          0x0000000000014130       0x34 ../hwsw_project_bsp/\libhal_bsp.a(alt_exit.o)
                0x0000000000014130                _exit
 *(.gnu.warning.*)
 *(.fini)
                [!provide]                        PROVIDE (__etext, ABSOLUTE (.))
                [!provide]                        PROVIDE (_etext, ABSOLUTE (.))
                [!provide]                        PROVIDE (etext, ABSOLUTE (.))
 *(.eh_frame_hdr)
                0x0000000000014164                . = ALIGN (0x4)
                [!provide]                        PROVIDE (__preinit_array_start, ABSOLUTE (.))
 *(.preinit_array)
                [!provide]                        PROVIDE (__preinit_array_end, ABSOLUTE (.))
                [!provide]                        PROVIDE (__init_array_start, ABSOLUTE (.))
 *(.init_array)
                [!provide]                        PROVIDE (__init_array_end, ABSOLUTE (.))
                [!provide]                        PROVIDE (__fini_array_start, ABSOLUTE (.))
 *(.fini_array)
                [!provide]                        PROVIDE (__fini_array_end, ABSOLUTE (.))
 *(.eh_frame)
 *(.gcc_except_table .gcc_except_table.*)
 *(.dynamic)
                0x0000000000014164                PROVIDE (__CTOR_LIST__, ABSOLUTE (.))
 *(.ctors)
 *(SORT(.ctors.*))
                0x0000000000014164                PROVIDE (__CTOR_END__, ABSOLUTE (.))
                0x0000000000014164                PROVIDE (__DTOR_LIST__, ABSOLUTE (.))
 *(.dtors)
 *(SORT(.dtors.*))
                0x0000000000014164                PROVIDE (__DTOR_END__, ABSOLUTE (.))
 *(.jcr)
                0x0000000000014164                . = ALIGN (0x4)

.rodata         0x0000000000014164      0x144
                0x0000000000014164                PROVIDE (__ram_rodata_start, ABSOLUTE (.))
                0x0000000000014164                . = ALIGN (0x4)
 *(.rodata .rodata.* .gnu.linkonce.r.*)
 .rodata.str1.4
                0x0000000000014164        0x4 c:/intelfpga_lite/16.1/nios2eds/bin/gnu/h-x86_64-mingw32/bin/../lib/gcc/nios2-elf/5.3.0/../../../../../H-x86_64-mingw32/nios2-elf/lib\libc.a(lib_a-impure.o)
                                          0x2 (size before relaxing)
 .rodata        0x0000000000014168       0x11 ../hwsw_project_bsp/\libhal_bsp.a(alt_main.o)
 *fill*         0x0000000000014179        0x3 
 .rodata        0x000000000001417c       0x20 ../hwsw_project_bsp/\libhal_bsp.a(alt_sys_init.o)
 .rodata        0x000000000001419c        0xa ../hwsw_project_bsp/\libhal_bsp.a(alt_dev.o)
 .rodata        0x00000000000141a6      0x100 c:/intelfpga_lite/16.1/nios2eds/bin/gnu/h-x86_64-mingw32/bin/../lib/gcc/nios2-elf/5.3.0\libgcc.a(_clz.o)
                0x00000000000141a6                __clz_tab
 *(.rodata1)
                0x00000000000142a8                . = ALIGN (0x4)
 *fill*         0x00000000000142a6        0x2 
                0x00000000000142a8                PROVIDE (__ram_rodata_end, ABSOLUTE (.))
                0x0000000000014164                PROVIDE (__flash_rodata_start, LOADADDR (.rodata))

.rwdata         0x00000000000142a8      0x654 load address 0x00000000000148fc
                0x00000000000142a8                PROVIDE (__ram_rwdata_start, ABSOLUTE (.))
                0x00000000000142a8                . = ALIGN (0x4)
 *(.got.plt)
 *(.got)
 *(.data1)
 *(.data .data.* .gnu.linkonce.d.*)
 .data          0x00000000000142a8        0x0 ../hwsw_project_bsp//obj/HAL/src/crt0.o
 .data          0x00000000000142a8        0x0 obj/default/hello_world.o
 .data          0x00000000000142a8        0x0 c:/intelfpga_lite/16.1/nios2eds/bin/gnu/h-x86_64-mingw32/bin/../lib/gcc/nios2-elf/5.3.0\libgcc.a(lib2-divmod.o)
 .data          0x00000000000142a8        0x0 c:/intelfpga_lite/16.1/nios2eds/bin/gnu/h-x86_64-mingw32/bin/../lib/gcc/nios2-elf/5.3.0/../../../../../H-x86_64-mingw32/nios2-elf/lib\libc.a(lib_a-clock.o)
 .data          0x00000000000142a8        0x0 c:/intelfpga_lite/16.1/nios2eds/bin/gnu/h-x86_64-mingw32/bin/../lib/gcc/nios2-elf/5.3.0/../../../../../H-x86_64-mingw32/nios2-elf/lib\libc.a(lib_a-impure.o)
 .data.impure_data
                0x00000000000142a8      0x424 c:/intelfpga_lite/16.1/nios2eds/bin/gnu/h-x86_64-mingw32/bin/../lib/gcc/nios2-elf/5.3.0/../../../../../H-x86_64-mingw32/nios2-elf/lib\libc.a(lib_a-impure.o)
 .data          0x00000000000146cc        0x0 c:/intelfpga_lite/16.1/nios2eds/bin/gnu/h-x86_64-mingw32/bin/../lib/gcc/nios2-elf/5.3.0/../../../../../H-x86_64-mingw32/nios2-elf/lib\libc.a(lib_a-rand.o)
 .data          0x00000000000146cc        0x0 c:/intelfpga_lite/16.1/nios2eds/bin/gnu/h-x86_64-mingw32/bin/../lib/gcc/nios2-elf/5.3.0/../../../../../H-x86_64-mingw32/nios2-elf/lib\libc.a(lib_a-time.o)
 .data          0x00000000000146cc        0x0 c:/intelfpga_lite/16.1/nios2eds/bin/gnu/h-x86_64-mingw32/bin/../lib/gcc/nios2-elf/5.3.0/../../../../../H-x86_64-mingw32/nios2-elf/lib\libc.a(lib_a-timesr.o)
 .data          0x00000000000146cc        0x0 c:/intelfpga_lite/16.1/nios2eds/bin/gnu/h-x86_64-mingw32/bin/../lib/gcc/nios2-elf/5.3.0/../../../../../H-x86_64-mingw32/nios2-elf/lib\libc.a(lib_a-gettimeofdayr.o)
 .data          0x00000000000146cc        0x0 c:/intelfpga_lite/16.1/nios2eds/bin/gnu/h-x86_64-mingw32/bin/../lib/gcc/nios2-elf/5.3.0/../../../../../H-x86_64-mingw32/nios2-elf/lib\libc.a(lib_a-int_errno.o)
 .data          0x00000000000146cc        0x0 c:/intelfpga_lite/16.1/nios2eds/bin/gnu/h-x86_64-mingw32/bin/../lib/gcc/nios2-elf/5.3.0\libgcc.a(_muldi3.o)
 .data          0x00000000000146cc        0x0 ../hwsw_project_bsp/\libhal_bsp.a(alt_gettod.o)
 .data          0x00000000000146cc        0x0 ../hwsw_project_bsp/\libhal_bsp.a(alt_load.o)
 .data          0x00000000000146cc        0x0 ../hwsw_project_bsp/\libhal_bsp.a(alt_main.o)
 .data          0x00000000000146cc        0x0 ../hwsw_project_bsp/\libhal_bsp.a(alt_tick.o)
 .data          0x00000000000146cc        0x0 ../hwsw_project_bsp/\libhal_bsp.a(alt_times.o)
 .data          0x00000000000146cc       0x58 ../hwsw_project_bsp/\libhal_bsp.a(alt_sys_init.o)
 .data          0x0000000000014724        0x0 ../hwsw_project_bsp/\libhal_bsp.a(altera_avalon_jtag_uart_fd.o)
 .data          0x0000000000014724        0x0 ../hwsw_project_bsp/\libhal_bsp.a(altera_avalon_jtag_uart_read.o)
 .data          0x0000000000014724        0x0 ../hwsw_project_bsp/\libhal_bsp.a(altera_avalon_jtag_uart_write.o)
 .data          0x0000000000014724        0x0 ../hwsw_project_bsp/\libhal_bsp.a(altera_avalon_timer_sc.o)
 .data          0x0000000000014724        0x0 ../hwsw_project_bsp/\libhal_bsp.a(altera_avalon_uart_fd.o)
 .data          0x0000000000014724        0x0 ../hwsw_project_bsp/\libhal_bsp.a(altera_avalon_uart_read.o)
 .data          0x0000000000014724        0x0 ../hwsw_project_bsp/\libhal_bsp.a(altera_avalon_uart_write.o)
 .data          0x0000000000014724        0x0 ../hwsw_project_bsp/\libhal_bsp.a(alt_close.o)
 .data          0x0000000000014724        0x0 ../hwsw_project_bsp/\libhal_bsp.a(alt_dcache_flush_all.o)
 .data          0x0000000000014724      0x1a8 ../hwsw_project_bsp/\libhal_bsp.a(alt_dev.o)
                0x0000000000014724                alt_dev_null
                0x000000000001474c                alt_fd_list
 .data          0x00000000000148cc        0x0 ../hwsw_project_bsp/\libhal_bsp.a(alt_dev_llist_insert.o)
 .data          0x00000000000148cc        0x0 ../hwsw_project_bsp/\libhal_bsp.a(alt_do_ctors.o)
 .data          0x00000000000148cc        0x0 ../hwsw_project_bsp/\libhal_bsp.a(alt_do_dtors.o)
 .data          0x00000000000148cc        0x0 ../hwsw_project_bsp/\libhal_bsp.a(alt_errno.o)
 .data          0x00000000000148cc        0x0 ../hwsw_project_bsp/\libhal_bsp.a(alt_icache_flush_all.o)
 .data          0x00000000000148cc        0x0 ../hwsw_project_bsp/\libhal_bsp.a(alt_iic.o)
 .data          0x00000000000148cc        0x0 ../hwsw_project_bsp/\libhal_bsp.a(alt_iic_isr_register.o)
 .data          0x00000000000148cc        0x0 ../hwsw_project_bsp/\libhal_bsp.a(alt_io_redirect.o)
 .data          0x00000000000148cc        0x0 ../hwsw_project_bsp/\libhal_bsp.a(alt_irq_entry.o)
 .data          0x00000000000148cc        0x0 ../hwsw_project_bsp/\libhal_bsp.a(alt_irq_handler.o)
 .data          0x00000000000148cc        0x0 ../hwsw_project_bsp/\libhal_bsp.a(alt_irq_vars.o)
 .data          0x00000000000148cc        0x0 ../hwsw_project_bsp/\libhal_bsp.a(alt_open.o)
 .data          0x00000000000148cc        0x0 ../hwsw_project_bsp/\libhal_bsp.a(alt_release_fd.o)
 .data          0x00000000000148cc        0x0 ../hwsw_project_bsp/\libhal_bsp.a(altera_nios2_qsys_irq.o)
 .data          0x00000000000148cc        0x0 ../hwsw_project_bsp/\libhal_bsp.a(alt_exception_entry.o)
 .data          0x00000000000148cc        0x0 ../hwsw_project_bsp/\libhal_bsp.a(alt_find_dev.o)
 .data          0x00000000000148cc        0x0 ../hwsw_project_bsp/\libhal_bsp.a(alt_find_file.o)
 .data          0x00000000000148cc        0x0 ../hwsw_project_bsp/\libhal_bsp.a(alt_get_fd.o)
 .data          0x00000000000148cc        0x0 ../hwsw_project_bsp/\libhal_bsp.a(alt_icache_flush.o)
 .data          0x00000000000148cc        0x0 c:/intelfpga_lite/16.1/nios2eds/bin/gnu/h-x86_64-mingw32/bin/../lib/gcc/nios2-elf/5.3.0/../../../../../H-x86_64-mingw32/nios2-elf/lib\libc.a(lib_a-atexit.o)
 .data          0x00000000000148cc        0x0 c:/intelfpga_lite/16.1/nios2eds/bin/gnu/h-x86_64-mingw32/bin/../lib/gcc/nios2-elf/5.3.0/../../../../../H-x86_64-mingw32/nios2-elf/lib\libc.a(lib_a-exit.o)
 .data          0x00000000000148cc        0x0 c:/intelfpga_lite/16.1/nios2eds/bin/gnu/h-x86_64-mingw32/bin/../lib/gcc/nios2-elf/5.3.0/../../../../../H-x86_64-mingw32/nios2-elf/lib\libc.a(lib_a-memcmp.o)
 .data          0x00000000000148cc        0x0 c:/intelfpga_lite/16.1/nios2eds/bin/gnu/h-x86_64-mingw32/bin/../lib/gcc/nios2-elf/5.3.0/../../../../../H-x86_64-mingw32/nios2-elf/lib\libc.a(lib_a-strlen.o)
 .data          0x00000000000148cc        0x0 c:/intelfpga_lite/16.1/nios2eds/bin/gnu/h-x86_64-mingw32/bin/../lib/gcc/nios2-elf/5.3.0/../../../../../H-x86_64-mingw32/nios2-elf/lib\libc.a(lib_a-__atexit.o)
 .data          0x00000000000148cc        0x0 c:/intelfpga_lite/16.1/nios2eds/bin/gnu/h-x86_64-mingw32/bin/../lib/gcc/nios2-elf/5.3.0/../../../../../H-x86_64-mingw32/nios2-elf/lib\libc.a(lib_a-__call_atexit.o)
 .data          0x00000000000148cc        0x0 c:/intelfpga_lite/16.1/nios2eds/bin/gnu/h-x86_64-mingw32/bin/../lib/gcc/nios2-elf/5.3.0\libgcc.a(_umoddi3.o)
 .data          0x00000000000148cc        0x0 c:/intelfpga_lite/16.1/nios2eds/bin/gnu/h-x86_64-mingw32/bin/../lib/gcc/nios2-elf/5.3.0\libgcc.a(_clz.o)
 .data          0x00000000000148cc        0x0 ../hwsw_project_bsp/\libhal_bsp.a(alt_exit.o)
                0x000000000001c8cc                _gp = ABSOLUTE ((. + 0x8000))
                [!provide]                        PROVIDE (gp, _gp)
 *(.rwdata .rwdata.*)
 *(.sdata .sdata.* .gnu.linkonce.s.*)
 .sdata         0x00000000000148cc        0x4 obj/default/hello_world.o
                0x00000000000148cc                value
 .sdata._global_impure_ptr
                0x00000000000148d0        0x4 c:/intelfpga_lite/16.1/nios2eds/bin/gnu/h-x86_64-mingw32/bin/../lib/gcc/nios2-elf/5.3.0/../../../../../H-x86_64-mingw32/nios2-elf/lib\libc.a(lib_a-impure.o)
                0x00000000000148d0                _global_impure_ptr
 .sdata._impure_ptr
                0x00000000000148d4        0x4 c:/intelfpga_lite/16.1/nios2eds/bin/gnu/h-x86_64-mingw32/bin/../lib/gcc/nios2-elf/5.3.0/../../../../../H-x86_64-mingw32/nios2-elf/lib\libc.a(lib_a-impure.o)
                0x00000000000148d4                _impure_ptr
 .sdata         0x00000000000148d8        0x8 ../hwsw_project_bsp/\libhal_bsp.a(alt_tick.o)
                0x00000000000148d8                alt_alarm_list
 .sdata         0x00000000000148e0       0x14 ../hwsw_project_bsp/\libhal_bsp.a(alt_dev.o)
                0x00000000000148e0                alt_fs_list
                0x00000000000148e8                alt_dev_list
                0x00000000000148f0                alt_max_fd
 .sdata         0x00000000000148f4        0x4 ../hwsw_project_bsp/\libhal_bsp.a(alt_errno.o)
                0x00000000000148f4                alt_errno
 .sdata         0x00000000000148f8        0x4 ../hwsw_project_bsp/\libhal_bsp.a(alt_irq_vars.o)
                0x00000000000148f8                alt_priority_mask
 *(.sdata2 .sdata2.* .gnu.linkonce.s2.*)
                0x00000000000148fc                . = ALIGN (0x4)
                0x00000000000148fc                _edata = ABSOLUTE (.)
                [!provide]                        PROVIDE (edata, ABSOLUTE (.))
                0x00000000000148fc                PROVIDE (__ram_rwdata_end, ABSOLUTE (.))
                0x00000000000148fc                PROVIDE (__flash_rwdata_start, LOADADDR (.rwdata))

.bss            0x0000000000014f50      0x834
                0x0000000000014f50                __bss_start = ABSOLUTE (.)
                [!provide]                        PROVIDE (__sbss_start, ABSOLUTE (.))
                [!provide]                        PROVIDE (___sbss_start, ABSOLUTE (.))
 *(.dynsbss)
 *(.sbss .sbss.* .gnu.linkonce.sb.*)
 .sbss          0x0000000000014f50        0x4 obj/default/hello_world.o
                0x0000000000014f50                prev
 .sbss          0x0000000000014f54       0x30 obj/default/hello_world.o
                0x0000000000014f54                food
                0x0000000000014f58                b
                0x0000000000014f5c                x
                0x0000000000014f60                game
                0x0000000000014f64                gy
                0x0000000000014f68                direction
                0x0000000000014f6c                score
                0x0000000000014f70                tail
                0x0000000000014f74                head
                0x0000000000014f78                y
                0x0000000000014f7c                speed
                0x0000000000014f80                a
 .sbss          0x0000000000014f84        0x4 c:/intelfpga_lite/16.1/nios2eds/bin/gnu/h-x86_64-mingw32/bin/../lib/gcc/nios2-elf/5.3.0/../../../../../H-x86_64-mingw32/nios2-elf/lib\libc.a(lib_a-int_errno.o)
                0x0000000000014f84                errno
 .sbss          0x0000000000014f88       0x10 ../hwsw_project_bsp/\libhal_bsp.a(alt_gettod.o)
                0x0000000000014f88                alt_timezone
                0x0000000000014f90                alt_resettime
 .sbss          0x0000000000014f98        0xc ../hwsw_project_bsp/\libhal_bsp.a(alt_main.o)
                0x0000000000014f98                alt_argc
                0x0000000000014f9c                alt_argv
                0x0000000000014fa0                alt_envp
 .sbss          0x0000000000014fa4        0x8 ../hwsw_project_bsp/\libhal_bsp.a(alt_tick.o)
                0x0000000000014fa4                _alt_tick_rate
                0x0000000000014fa8                _alt_nticks
 .sbss          0x0000000000014fac        0x4 ../hwsw_project_bsp/\libhal_bsp.a(alt_irq_vars.o)
                0x0000000000014fac                alt_irq_active
 *(.sbss2 .sbss2.* .gnu.linkonce.sb2.*)
 *(.scommon)
                [!provide]                        PROVIDE (__sbss_end, ABSOLUTE (.))
                [!provide]                        PROVIDE (___sbss_end, ABSOLUTE (.))
 *(.dynbss)
 *(.bss .bss.* .gnu.linkonce.b.*)
 .bss           0x0000000000014fb0        0x0 ../hwsw_project_bsp//obj/HAL/src/crt0.o
 .bss           0x0000000000014fb0        0x0 obj/default/hello_world.o
 .bss           0x0000000000014fb0        0x0 c:/intelfpga_lite/16.1/nios2eds/bin/gnu/h-x86_64-mingw32/bin/../lib/gcc/nios2-elf/5.3.0\libgcc.a(lib2-divmod.o)
 .bss           0x0000000000014fb0        0x0 c:/intelfpga_lite/16.1/nios2eds/bin/gnu/h-x86_64-mingw32/bin/../lib/gcc/nios2-elf/5.3.0/../../../../../H-x86_64-mingw32/nios2-elf/lib\libc.a(lib_a-clock.o)
 .bss           0x0000000000014fb0        0x0 c:/intelfpga_lite/16.1/nios2eds/bin/gnu/h-x86_64-mingw32/bin/../lib/gcc/nios2-elf/5.3.0/../../../../../H-x86_64-mingw32/nios2-elf/lib\libc.a(lib_a-impure.o)
 .bss           0x0000000000014fb0        0x0 c:/intelfpga_lite/16.1/nios2eds/bin/gnu/h-x86_64-mingw32/bin/../lib/gcc/nios2-elf/5.3.0/../../../../../H-x86_64-mingw32/nios2-elf/lib\libc.a(lib_a-rand.o)
 .bss           0x0000000000014fb0        0x0 c:/intelfpga_lite/16.1/nios2eds/bin/gnu/h-x86_64-mingw32/bin/../lib/gcc/nios2-elf/5.3.0/../../../../../H-x86_64-mingw32/nios2-elf/lib\libc.a(lib_a-time.o)
 .bss           0x0000000000014fb0        0x0 c:/intelfpga_lite/16.1/nios2eds/bin/gnu/h-x86_64-mingw32/bin/../lib/gcc/nios2-elf/5.3.0/../../../../../H-x86_64-mingw32/nios2-elf/lib\libc.a(lib_a-timesr.o)
 .bss           0x0000000000014fb0        0x0 c:/intelfpga_lite/16.1/nios2eds/bin/gnu/h-x86_64-mingw32/bin/../lib/gcc/nios2-elf/5.3.0/../../../../../H-x86_64-mingw32/nios2-elf/lib\libc.a(lib_a-gettimeofdayr.o)
 .bss           0x0000000000014fb0        0x0 c:/intelfpga_lite/16.1/nios2eds/bin/gnu/h-x86_64-mingw32/bin/../lib/gcc/nios2-elf/5.3.0/../../../../../H-x86_64-mingw32/nios2-elf/lib\libc.a(lib_a-int_errno.o)
 .bss           0x0000000000014fb0        0x0 c:/intelfpga_lite/16.1/nios2eds/bin/gnu/h-x86_64-mingw32/bin/../lib/gcc/nios2-elf/5.3.0\libgcc.a(_muldi3.o)
 .bss           0x0000000000014fb0        0x0 ../hwsw_project_bsp/\libhal_bsp.a(alt_gettod.o)
 .bss           0x0000000000014fb0        0x0 ../hwsw_project_bsp/\libhal_bsp.a(alt_load.o)
 .bss           0x0000000000014fb0        0x0 ../hwsw_project_bsp/\libhal_bsp.a(alt_main.o)
 .bss           0x0000000000014fb0        0x0 ../hwsw_project_bsp/\libhal_bsp.a(alt_tick.o)
 .bss           0x0000000000014fb0        0x0 ../hwsw_project_bsp/\libhal_bsp.a(alt_times.o)
 .bss           0x0000000000014fb0        0x0 ../hwsw_project_bsp/\libhal_bsp.a(alt_sys_init.o)
 .bss           0x0000000000014fb0        0x0 ../hwsw_project_bsp/\libhal_bsp.a(altera_avalon_jtag_uart_fd.o)
 .bss           0x0000000000014fb0        0x0 ../hwsw_project_bsp/\libhal_bsp.a(altera_avalon_jtag_uart_read.o)
 .bss           0x0000000000014fb0        0x0 ../hwsw_project_bsp/\libhal_bsp.a(altera_avalon_jtag_uart_write.o)
 .bss           0x0000000000014fb0        0x0 ../hwsw_project_bsp/\libhal_bsp.a(altera_avalon_timer_sc.o)
 .bss           0x0000000000014fb0        0x0 ../hwsw_project_bsp/\libhal_bsp.a(altera_avalon_uart_fd.o)
 .bss           0x0000000000014fb0        0x0 ../hwsw_project_bsp/\libhal_bsp.a(altera_avalon_uart_read.o)
 .bss           0x0000000000014fb0        0x0 ../hwsw_project_bsp/\libhal_bsp.a(altera_avalon_uart_write.o)
 .bss           0x0000000000014fb0        0x0 ../hwsw_project_bsp/\libhal_bsp.a(alt_close.o)
 .bss           0x0000000000014fb0        0x0 ../hwsw_project_bsp/\libhal_bsp.a(alt_dcache_flush_all.o)
 .bss           0x0000000000014fb0        0x0 ../hwsw_project_bsp/\libhal_bsp.a(alt_dev.o)
 .bss           0x0000000000014fb0        0x0 ../hwsw_project_bsp/\libhal_bsp.a(alt_dev_llist_insert.o)
 .bss           0x0000000000014fb0        0x0 ../hwsw_project_bsp/\libhal_bsp.a(alt_do_ctors.o)
 .bss           0x0000000000014fb0        0x0 ../hwsw_project_bsp/\libhal_bsp.a(alt_do_dtors.o)
 .bss           0x0000000000014fb0        0x0 ../hwsw_project_bsp/\libhal_bsp.a(alt_errno.o)
 .bss           0x0000000000014fb0        0x0 ../hwsw_project_bsp/\libhal_bsp.a(alt_icache_flush_all.o)
 .bss           0x0000000000014fb0        0x0 ../hwsw_project_bsp/\libhal_bsp.a(alt_iic.o)
 .bss           0x0000000000014fb0        0x0 ../hwsw_project_bsp/\libhal_bsp.a(alt_iic_isr_register.o)
 .bss           0x0000000000014fb0        0x0 ../hwsw_project_bsp/\libhal_bsp.a(alt_io_redirect.o)
 .bss           0x0000000000014fb0        0x0 ../hwsw_project_bsp/\libhal_bsp.a(alt_irq_entry.o)
 .bss           0x0000000000014fb0        0x0 ../hwsw_project_bsp/\libhal_bsp.a(alt_irq_handler.o)
 .bss           0x0000000000014fb0        0x0 ../hwsw_project_bsp/\libhal_bsp.a(alt_irq_vars.o)
 .bss           0x0000000000014fb0        0x0 ../hwsw_project_bsp/\libhal_bsp.a(alt_open.o)
 .bss           0x0000000000014fb0        0x0 ../hwsw_project_bsp/\libhal_bsp.a(alt_release_fd.o)
 .bss           0x0000000000014fb0        0x0 ../hwsw_project_bsp/\libhal_bsp.a(altera_nios2_qsys_irq.o)
 .bss           0x0000000000014fb0        0x0 ../hwsw_project_bsp/\libhal_bsp.a(alt_exception_entry.o)
 .bss           0x0000000000014fb0        0x0 ../hwsw_project_bsp/\libhal_bsp.a(alt_find_dev.o)
 .bss           0x0000000000014fb0        0x0 ../hwsw_project_bsp/\libhal_bsp.a(alt_find_file.o)
 .bss           0x0000000000014fb0        0x0 ../hwsw_project_bsp/\libhal_bsp.a(alt_get_fd.o)
 .bss           0x0000000000014fb0        0x0 ../hwsw_project_bsp/\libhal_bsp.a(alt_icache_flush.o)
 .bss           0x0000000000014fb0        0x0 c:/intelfpga_lite/16.1/nios2eds/bin/gnu/h-x86_64-mingw32/bin/../lib/gcc/nios2-elf/5.3.0/../../../../../H-x86_64-mingw32/nios2-elf/lib\libc.a(lib_a-atexit.o)
 .bss           0x0000000000014fb0        0x0 c:/intelfpga_lite/16.1/nios2eds/bin/gnu/h-x86_64-mingw32/bin/../lib/gcc/nios2-elf/5.3.0/../../../../../H-x86_64-mingw32/nios2-elf/lib\libc.a(lib_a-exit.o)
 .bss           0x0000000000014fb0        0x0 c:/intelfpga_lite/16.1/nios2eds/bin/gnu/h-x86_64-mingw32/bin/../lib/gcc/nios2-elf/5.3.0/../../../../../H-x86_64-mingw32/nios2-elf/lib\libc.a(lib_a-memcmp.o)
 .bss           0x0000000000014fb0        0x0 c:/intelfpga_lite/16.1/nios2eds/bin/gnu/h-x86_64-mingw32/bin/../lib/gcc/nios2-elf/5.3.0/../../../../../H-x86_64-mingw32/nios2-elf/lib\libc.a(lib_a-strlen.o)
 .bss           0x0000000000014fb0        0x0 c:/intelfpga_lite/16.1/nios2eds/bin/gnu/h-x86_64-mingw32/bin/../lib/gcc/nios2-elf/5.3.0/../../../../../H-x86_64-mingw32/nios2-elf/lib\libc.a(lib_a-__atexit.o)
 .bss           0x0000000000014fb0        0x0 c:/intelfpga_lite/16.1/nios2eds/bin/gnu/h-x86_64-mingw32/bin/../lib/gcc/nios2-elf/5.3.0/../../../../../H-x86_64-mingw32/nios2-elf/lib\libc.a(lib_a-__call_atexit.o)
 .bss           0x0000000000014fb0        0x0 c:/intelfpga_lite/16.1/nios2eds/bin/gnu/h-x86_64-mingw32/bin/../lib/gcc/nios2-elf/5.3.0\libgcc.a(_umoddi3.o)
 .bss           0x0000000000014fb0        0x0 c:/intelfpga_lite/16.1/nios2eds/bin/gnu/h-x86_64-mingw32/bin/../lib/gcc/nios2-elf/5.3.0\libgcc.a(_clz.o)
 .bss           0x0000000000014fb0        0x0 ../hwsw_project_bsp/\libhal_bsp.a(alt_exit.o)
 *(COMMON)
 COMMON         0x0000000000014fb0      0x6d4 obj/default/hello_world.o
                0x0000000000014fb0                Field
 COMMON         0x0000000000015684      0x100 ../hwsw_project_bsp/\libhal_bsp.a(alt_irq_handler.o)
                0x0000000000015684                alt_irq
                0x0000000000015784                . = ALIGN (0x4)
                0x0000000000015784                __bss_end = ABSOLUTE (.)

.onchip_memory2_0
                0x0000000000015784        0x0
                [!provide]                        PROVIDE (_alt_partition_onchip_memory2_0_start, ABSOLUTE (.))
 *(.onchip_memory2_0 .onchip_memory2_0. onchip_memory2_0.*)
                0x0000000000015784                . = ALIGN (0x4)
                [!provide]                        PROVIDE (_alt_partition_onchip_memory2_0_end, ABSOLUTE (.))
                0x0000000000015784                _end = ABSOLUTE (.)
                0x0000000000015784                end = ABSOLUTE (.)
                0x0000000000015784                __alt_stack_base = ABSOLUTE (.)
                [!provide]                        PROVIDE (_alt_partition_onchip_memory2_0_load_addr, LOADADDR (.onchip_memory2_0))

.stab
 *(.stab)

.stabstr
 *(.stabstr)

.stab.excl
 *(.stab.excl)

.stab.exclstr
 *(.stab.exclstr)

.stab.index
 *(.stab.index)

.stab.indexstr
 *(.stab.indexstr)

.comment        0x0000000000000000       0x23
 *(.comment)
 .comment       0x0000000000000000       0x23 obj/default/hello_world.o
                                         0x24 (size before relaxing)
 .comment       0x0000000000000023       0x24 c:/intelfpga_lite/16.1/nios2eds/bin/gnu/h-x86_64-mingw32/bin/../lib/gcc/nios2-elf/5.3.0\libgcc.a(lib2-divmod.o)
 .comment       0x0000000000000023       0x24 c:/intelfpga_lite/16.1/nios2eds/bin/gnu/h-x86_64-mingw32/bin/../lib/gcc/nios2-elf/5.3.0/../../../../../H-x86_64-mingw32/nios2-elf/lib\libc.a(lib_a-clock.o)
 .comment       0x0000000000000023       0x24 c:/intelfpga_lite/16.1/nios2eds/bin/gnu/h-x86_64-mingw32/bin/../lib/gcc/nios2-elf/5.3.0/../../../../../H-x86_64-mingw32/nios2-elf/lib\libc.a(lib_a-impure.o)
 .comment       0x0000000000000023       0x24 c:/intelfpga_lite/16.1/nios2eds/bin/gnu/h-x86_64-mingw32/bin/../lib/gcc/nios2-elf/5.3.0/../../../../../H-x86_64-mingw32/nios2-elf/lib\libc.a(lib_a-rand.o)
 .comment       0x0000000000000023       0x24 c:/intelfpga_lite/16.1/nios2eds/bin/gnu/h-x86_64-mingw32/bin/../lib/gcc/nios2-elf/5.3.0/../../../../../H-x86_64-mingw32/nios2-elf/lib\libc.a(lib_a-time.o)
 .comment       0x0000000000000023       0x24 c:/intelfpga_lite/16.1/nios2eds/bin/gnu/h-x86_64-mingw32/bin/../lib/gcc/nios2-elf/5.3.0/../../../../../H-x86_64-mingw32/nios2-elf/lib\libc.a(lib_a-timesr.o)
 .comment       0x0000000000000023       0x24 c:/intelfpga_lite/16.1/nios2eds/bin/gnu/h-x86_64-mingw32/bin/../lib/gcc/nios2-elf/5.3.0/../../../../../H-x86_64-mingw32/nios2-elf/lib\libc.a(lib_a-gettimeofdayr.o)
 .comment       0x0000000000000023       0x24 c:/intelfpga_lite/16.1/nios2eds/bin/gnu/h-x86_64-mingw32/bin/../lib/gcc/nios2-elf/5.3.0/../../../../../H-x86_64-mingw32/nios2-elf/lib\libc.a(lib_a-int_errno.o)
 .comment       0x0000000000000023       0x24 c:/intelfpga_lite/16.1/nios2eds/bin/gnu/h-x86_64-mingw32/bin/../lib/gcc/nios2-elf/5.3.0\libgcc.a(_muldi3.o)
 .comment       0x0000000000000023       0x24 ../hwsw_project_bsp/\libhal_bsp.a(alt_gettod.o)
 .comment       0x0000000000000023       0x24 ../hwsw_project_bsp/\libhal_bsp.a(alt_load.o)
 .comment       0x0000000000000023       0x24 ../hwsw_project_bsp/\libhal_bsp.a(alt_main.o)
 .comment       0x0000000000000023       0x24 ../hwsw_project_bsp/\libhal_bsp.a(alt_tick.o)
 .comment       0x0000000000000023       0x24 ../hwsw_project_bsp/\libhal_bsp.a(alt_times.o)
 .comment       0x0000000000000023       0x24 ../hwsw_project_bsp/\libhal_bsp.a(alt_sys_init.o)
 .comment       0x0000000000000023       0x24 ../hwsw_project_bsp/\libhal_bsp.a(altera_avalon_jtag_uart_fd.o)
 .comment       0x0000000000000023       0x24 ../hwsw_project_bsp/\libhal_bsp.a(altera_avalon_jtag_uart_read.o)
 .comment       0x0000000000000023       0x24 ../hwsw_project_bsp/\libhal_bsp.a(altera_avalon_jtag_uart_write.o)
 .comment       0x0000000000000023       0x24 ../hwsw_project_bsp/\libhal_bsp.a(altera_avalon_timer_sc.o)
 .comment       0x0000000000000023       0x24 ../hwsw_project_bsp/\libhal_bsp.a(altera_avalon_uart_fd.o)
 .comment       0x0000000000000023       0x24 ../hwsw_project_bsp/\libhal_bsp.a(altera_avalon_uart_read.o)
 .comment       0x0000000000000023       0x24 ../hwsw_project_bsp/\libhal_bsp.a(altera_avalon_uart_write.o)
 .comment       0x0000000000000023       0x24 ../hwsw_project_bsp/\libhal_bsp.a(alt_close.o)
 .comment       0x0000000000000023       0x24 ../hwsw_project_bsp/\libhal_bsp.a(alt_dcache_flush_all.o)
 .comment       0x0000000000000023       0x24 ../hwsw_project_bsp/\libhal_bsp.a(alt_dev.o)
 .comment       0x0000000000000023       0x24 ../hwsw_project_bsp/\libhal_bsp.a(alt_dev_llist_insert.o)
 .comment       0x0000000000000023       0x24 ../hwsw_project_bsp/\libhal_bsp.a(alt_do_ctors.o)
 .comment       0x0000000000000023       0x24 ../hwsw_project_bsp/\libhal_bsp.a(alt_do_dtors.o)
 .comment       0x0000000000000023       0x24 ../hwsw_project_bsp/\libhal_bsp.a(alt_errno.o)
 .comment       0x0000000000000023       0x24 ../hwsw_project_bsp/\libhal_bsp.a(alt_icache_flush_all.o)
 .comment       0x0000000000000023       0x24 ../hwsw_project_bsp/\libhal_bsp.a(alt_iic.o)
 .comment       0x0000000000000023       0x24 ../hwsw_project_bsp/\libhal_bsp.a(alt_iic_isr_register.o)
 .comment       0x0000000000000023       0x24 ../hwsw_project_bsp/\libhal_bsp.a(alt_io_redirect.o)
 .comment       0x0000000000000023       0x24 ../hwsw_project_bsp/\libhal_bsp.a(alt_irq_handler.o)
 .comment       0x0000000000000023       0x24 ../hwsw_project_bsp/\libhal_bsp.a(alt_irq_vars.o)
 .comment       0x0000000000000023       0x24 ../hwsw_project_bsp/\libhal_bsp.a(alt_open.o)
 .comment       0x0000000000000023       0x24 ../hwsw_project_bsp/\libhal_bsp.a(alt_release_fd.o)
 .comment       0x0000000000000023       0x24 ../hwsw_project_bsp/\libhal_bsp.a(altera_nios2_qsys_irq.o)
 .comment       0x0000000000000023       0x24 ../hwsw_project_bsp/\libhal_bsp.a(alt_find_dev.o)
 .comment       0x0000000000000023       0x24 ../hwsw_project_bsp/\libhal_bsp.a(alt_find_file.o)
 .comment       0x0000000000000023       0x24 ../hwsw_project_bsp/\libhal_bsp.a(alt_get_fd.o)
 .comment       0x0000000000000023       0x24 ../hwsw_project_bsp/\libhal_bsp.a(alt_icache_flush.o)
 .comment       0x0000000000000023       0x24 c:/intelfpga_lite/16.1/nios2eds/bin/gnu/h-x86_64-mingw32/bin/../lib/gcc/nios2-elf/5.3.0/../../../../../H-x86_64-mingw32/nios2-elf/lib\libc.a(lib_a-atexit.o)
 .comment       0x0000000000000023       0x24 c:/intelfpga_lite/16.1/nios2eds/bin/gnu/h-x86_64-mingw32/bin/../lib/gcc/nios2-elf/5.3.0/../../../../../H-x86_64-mingw32/nios2-elf/lib\libc.a(lib_a-exit.o)
 .comment       0x0000000000000023       0x24 c:/intelfpga_lite/16.1/nios2eds/bin/gnu/h-x86_64-mingw32/bin/../lib/gcc/nios2-elf/5.3.0/../../../../../H-x86_64-mingw32/nios2-elf/lib\libc.a(lib_a-memcmp.o)
 .comment       0x0000000000000023       0x24 c:/intelfpga_lite/16.1/nios2eds/bin/gnu/h-x86_64-mingw32/bin/../lib/gcc/nios2-elf/5.3.0/../../../../../H-x86_64-mingw32/nios2-elf/lib\libc.a(lib_a-strlen.o)
 .comment       0x0000000000000023       0x24 c:/intelfpga_lite/16.1/nios2eds/bin/gnu/h-x86_64-mingw32/bin/../lib/gcc/nios2-elf/5.3.0/../../../../../H-x86_64-mingw32/nios2-elf/lib\libc.a(lib_a-__atexit.o)
 .comment       0x0000000000000023       0x24 c:/intelfpga_lite/16.1/nios2eds/bin/gnu/h-x86_64-mingw32/bin/../lib/gcc/nios2-elf/5.3.0/../../../../../H-x86_64-mingw32/nios2-elf/lib\libc.a(lib_a-__call_atexit.o)
 .comment       0x0000000000000023       0x24 c:/intelfpga_lite/16.1/nios2eds/bin/gnu/h-x86_64-mingw32/bin/../lib/gcc/nios2-elf/5.3.0\libgcc.a(_umoddi3.o)
 .comment       0x0000000000000023       0x24 c:/intelfpga_lite/16.1/nios2eds/bin/gnu/h-x86_64-mingw32/bin/../lib/gcc/nios2-elf/5.3.0\libgcc.a(_clz.o)
 .comment       0x0000000000000023       0x24 ../hwsw_project_bsp/\libhal_bsp.a(alt_exit.o)

.debug
 *(.debug)

.line
 *(.line)

.debug_srcinfo
 *(.debug_srcinfo)

.debug_sfnames
 *(.debug_sfnames)

.debug_aranges  0x0000000000000000      0x6f0
 *(.debug_aranges)
 .debug_aranges
                0x0000000000000000       0x28 ../hwsw_project_bsp//obj/HAL/src/crt0.o
 .debug_aranges
                0x0000000000000028       0x20 obj/default/hello_world.o
 .debug_aranges
                0x0000000000000048       0x20 c:/intelfpga_lite/16.1/nios2eds/bin/gnu/h-x86_64-mingw32/bin/../lib/gcc/nios2-elf/5.3.0\libgcc.a(lib2-divmod.o)
 .debug_aranges
                0x0000000000000068       0x20 c:/intelfpga_lite/16.1/nios2eds/bin/gnu/h-x86_64-mingw32/bin/../lib/gcc/nios2-elf/5.3.0/../../../../../H-x86_64-mingw32/nios2-elf/lib\libc.a(lib_a-clock.o)
 .debug_aranges
                0x0000000000000088       0x18 c:/intelfpga_lite/16.1/nios2eds/bin/gnu/h-x86_64-mingw32/bin/../lib/gcc/nios2-elf/5.3.0/../../../../../H-x86_64-mingw32/nios2-elf/lib\libc.a(lib_a-impure.o)
 .debug_aranges
                0x00000000000000a0       0x28 c:/intelfpga_lite/16.1/nios2eds/bin/gnu/h-x86_64-mingw32/bin/../lib/gcc/nios2-elf/5.3.0/../../../../../H-x86_64-mingw32/nios2-elf/lib\libc.a(lib_a-rand.o)
 .debug_aranges
                0x00000000000000c8       0x20 c:/intelfpga_lite/16.1/nios2eds/bin/gnu/h-x86_64-mingw32/bin/../lib/gcc/nios2-elf/5.3.0/../../../../../H-x86_64-mingw32/nios2-elf/lib\libc.a(lib_a-time.o)
 .debug_aranges
                0x00000000000000e8       0x20 c:/intelfpga_lite/16.1/nios2eds/bin/gnu/h-x86_64-mingw32/bin/../lib/gcc/nios2-elf/5.3.0/../../../../../H-x86_64-mingw32/nios2-elf/lib\libc.a(lib_a-timesr.o)
 .debug_aranges
                0x0000000000000108       0x20 c:/intelfpga_lite/16.1/nios2eds/bin/gnu/h-x86_64-mingw32/bin/../lib/gcc/nios2-elf/5.3.0/../../../../../H-x86_64-mingw32/nios2-elf/lib\libc.a(lib_a-gettimeofdayr.o)
 .debug_aranges
                0x0000000000000128       0x18 c:/intelfpga_lite/16.1/nios2eds/bin/gnu/h-x86_64-mingw32/bin/../lib/gcc/nios2-elf/5.3.0/../../../../../H-x86_64-mingw32/nios2-elf/lib\libc.a(lib_a-int_errno.o)
 .debug_aranges
                0x0000000000000140       0x20 c:/intelfpga_lite/16.1/nios2eds/bin/gnu/h-x86_64-mingw32/bin/../lib/gcc/nios2-elf/5.3.0\libgcc.a(_muldi3.o)
 .debug_aranges
                0x0000000000000160       0x20 ../hwsw_project_bsp/\libhal_bsp.a(alt_gettod.o)
 .debug_aranges
                0x0000000000000180       0x20 ../hwsw_project_bsp/\libhal_bsp.a(alt_load.o)
 .debug_aranges
                0x00000000000001a0       0x20 ../hwsw_project_bsp/\libhal_bsp.a(alt_main.o)
 .debug_aranges
                0x00000000000001c0       0x20 ../hwsw_project_bsp/\libhal_bsp.a(alt_tick.o)
 .debug_aranges
                0x00000000000001e0       0x20 ../hwsw_project_bsp/\libhal_bsp.a(alt_times.o)
 .debug_aranges
                0x0000000000000200       0x20 ../hwsw_project_bsp/\libhal_bsp.a(alt_sys_init.o)
 .debug_aranges
                0x0000000000000220       0x20 ../hwsw_project_bsp/\libhal_bsp.a(altera_avalon_jtag_uart_fd.o)
 .debug_aranges
                0x0000000000000240       0x20 ../hwsw_project_bsp/\libhal_bsp.a(altera_avalon_jtag_uart_read.o)
 .debug_aranges
                0x0000000000000260       0x20 ../hwsw_project_bsp/\libhal_bsp.a(altera_avalon_jtag_uart_write.o)
 .debug_aranges
                0x0000000000000280       0x20 ../hwsw_project_bsp/\libhal_bsp.a(altera_avalon_timer_sc.o)
 .debug_aranges
                0x00000000000002a0       0x20 ../hwsw_project_bsp/\libhal_bsp.a(altera_avalon_uart_fd.o)
 .debug_aranges
                0x00000000000002c0       0x20 ../hwsw_project_bsp/\libhal_bsp.a(altera_avalon_uart_read.o)
 .debug_aranges
                0x00000000000002e0       0x20 ../hwsw_project_bsp/\libhal_bsp.a(altera_avalon_uart_write.o)
 .debug_aranges
                0x0000000000000300       0x20 ../hwsw_project_bsp/\libhal_bsp.a(alt_close.o)
 .debug_aranges
                0x0000000000000320       0x20 ../hwsw_project_bsp/\libhal_bsp.a(alt_dcache_flush_all.o)
 .debug_aranges
                0x0000000000000340       0x20 ../hwsw_project_bsp/\libhal_bsp.a(alt_dev.o)
 .debug_aranges
                0x0000000000000360       0x20 ../hwsw_project_bsp/\libhal_bsp.a(alt_dev_llist_insert.o)
 .debug_aranges
                0x0000000000000380       0x20 ../hwsw_project_bsp/\libhal_bsp.a(alt_do_ctors.o)
 .debug_aranges
                0x00000000000003a0       0x20 ../hwsw_project_bsp/\libhal_bsp.a(alt_do_dtors.o)
 .debug_aranges
                0x00000000000003c0       0x18 ../hwsw_project_bsp/\libhal_bsp.a(alt_errno.o)
 .debug_aranges
                0x00000000000003d8       0x20 ../hwsw_project_bsp/\libhal_bsp.a(alt_icache_flush_all.o)
 .debug_aranges
                0x00000000000003f8       0x20 ../hwsw_project_bsp/\libhal_bsp.a(alt_iic.o)
 .debug_aranges
                0x0000000000000418       0x20 ../hwsw_project_bsp/\libhal_bsp.a(alt_iic_isr_register.o)
 .debug_aranges
                0x0000000000000438       0x20 ../hwsw_project_bsp/\libhal_bsp.a(alt_io_redirect.o)
 .debug_aranges
                0x0000000000000458       0x30 ../hwsw_project_bsp/\libhal_bsp.a(alt_irq_entry.o)
 .debug_aranges
                0x0000000000000488       0x20 ../hwsw_project_bsp/\libhal_bsp.a(alt_irq_handler.o)
 .debug_aranges
                0x00000000000004a8       0x18 ../hwsw_project_bsp/\libhal_bsp.a(alt_irq_vars.o)
 .debug_aranges
                0x00000000000004c0       0x20 ../hwsw_project_bsp/\libhal_bsp.a(alt_open.o)
 .debug_aranges
                0x00000000000004e0       0x20 ../hwsw_project_bsp/\libhal_bsp.a(alt_release_fd.o)
 .debug_aranges
                0x0000000000000500       0x20 ../hwsw_project_bsp/\libhal_bsp.a(altera_nios2_qsys_irq.o)
 .debug_aranges
                0x0000000000000520       0x38 ../hwsw_project_bsp/\libhal_bsp.a(alt_exception_entry.o)
 .debug_aranges
                0x0000000000000558       0x20 ../hwsw_project_bsp/\libhal_bsp.a(alt_find_dev.o)
 .debug_aranges
                0x0000000000000578       0x20 ../hwsw_project_bsp/\libhal_bsp.a(alt_find_file.o)
 .debug_aranges
                0x0000000000000598       0x20 ../hwsw_project_bsp/\libhal_bsp.a(alt_get_fd.o)
 .debug_aranges
                0x00000000000005b8       0x20 ../hwsw_project_bsp/\libhal_bsp.a(alt_icache_flush.o)
 .debug_aranges
                0x00000000000005d8       0x20 c:/intelfpga_lite/16.1/nios2eds/bin/gnu/h-x86_64-mingw32/bin/../lib/gcc/nios2-elf/5.3.0/../../../../../H-x86_64-mingw32/nios2-elf/lib\libc.a(lib_a-atexit.o)
 .debug_aranges
                0x00000000000005f8       0x20 c:/intelfpga_lite/16.1/nios2eds/bin/gnu/h-x86_64-mingw32/bin/../lib/gcc/nios2-elf/5.3.0/../../../../../H-x86_64-mingw32/nios2-elf/lib\libc.a(lib_a-exit.o)
 .debug_aranges
                0x0000000000000618       0x20 c:/intelfpga_lite/16.1/nios2eds/bin/gnu/h-x86_64-mingw32/bin/../lib/gcc/nios2-elf/5.3.0/../../../../../H-x86_64-mingw32/nios2-elf/lib\libc.a(lib_a-memcmp.o)
 .debug_aranges
                0x0000000000000638       0x20 c:/intelfpga_lite/16.1/nios2eds/bin/gnu/h-x86_64-mingw32/bin/../lib/gcc/nios2-elf/5.3.0/../../../../../H-x86_64-mingw32/nios2-elf/lib\libc.a(lib_a-strlen.o)
 .debug_aranges
                0x0000000000000658       0x20 c:/intelfpga_lite/16.1/nios2eds/bin/gnu/h-x86_64-mingw32/bin/../lib/gcc/nios2-elf/5.3.0/../../../../../H-x86_64-mingw32/nios2-elf/lib\libc.a(lib_a-__atexit.o)
 .debug_aranges
                0x0000000000000678       0x20 c:/intelfpga_lite/16.1/nios2eds/bin/gnu/h-x86_64-mingw32/bin/../lib/gcc/nios2-elf/5.3.0/../../../../../H-x86_64-mingw32/nios2-elf/lib\libc.a(lib_a-__call_atexit.o)
 .debug_aranges
                0x0000000000000698       0x20 c:/intelfpga_lite/16.1/nios2eds/bin/gnu/h-x86_64-mingw32/bin/../lib/gcc/nios2-elf/5.3.0\libgcc.a(_umoddi3.o)
 .debug_aranges
                0x00000000000006b8       0x18 c:/intelfpga_lite/16.1/nios2eds/bin/gnu/h-x86_64-mingw32/bin/../lib/gcc/nios2-elf/5.3.0\libgcc.a(_clz.o)
 .debug_aranges
                0x00000000000006d0       0x20 ../hwsw_project_bsp/\libhal_bsp.a(alt_exit.o)

.debug_pubnames
 *(.debug_pubnames)

.debug_info     0x0000000000000000     0xb461
 *(.debug_info .gnu.linkonce.wi.*)
 .debug_info    0x0000000000000000       0x8e ../hwsw_project_bsp//obj/HAL/src/crt0.o
 .debug_info    0x000000000000008e      0xa30 obj/default/hello_world.o
 .debug_info    0x0000000000000abe      0x2c6 c:/intelfpga_lite/16.1/nios2eds/bin/gnu/h-x86_64-mingw32/bin/../lib/gcc/nios2-elf/5.3.0\libgcc.a(lib2-divmod.o)
 .debug_info    0x0000000000000d84      0x91a c:/intelfpga_lite/16.1/nios2eds/bin/gnu/h-x86_64-mingw32/bin/../lib/gcc/nios2-elf/5.3.0/../../../../../H-x86_64-mingw32/nios2-elf/lib\libc.a(lib_a-clock.o)
 .debug_info    0x000000000000169e      0x8a1 c:/intelfpga_lite/16.1/nios2eds/bin/gnu/h-x86_64-mingw32/bin/../lib/gcc/nios2-elf/5.3.0/../../../../../H-x86_64-mingw32/nios2-elf/lib\libc.a(lib_a-impure.o)
 .debug_info    0x0000000000001f3f      0x8d7 c:/intelfpga_lite/16.1/nios2eds/bin/gnu/h-x86_64-mingw32/bin/../lib/gcc/nios2-elf/5.3.0/../../../../../H-x86_64-mingw32/nios2-elf/lib\libc.a(lib_a-rand.o)
 .debug_info    0x0000000000002816      0x917 c:/intelfpga_lite/16.1/nios2eds/bin/gnu/h-x86_64-mingw32/bin/../lib/gcc/nios2-elf/5.3.0/../../../../../H-x86_64-mingw32/nios2-elf/lib\libc.a(lib_a-time.o)
 .debug_info    0x000000000000312d      0x921 c:/intelfpga_lite/16.1/nios2eds/bin/gnu/h-x86_64-mingw32/bin/../lib/gcc/nios2-elf/5.3.0/../../../../../H-x86_64-mingw32/nios2-elf/lib\libc.a(lib_a-timesr.o)
 .debug_info    0x0000000000003a4e      0x938 c:/intelfpga_lite/16.1/nios2eds/bin/gnu/h-x86_64-mingw32/bin/../lib/gcc/nios2-elf/5.3.0/../../../../../H-x86_64-mingw32/nios2-elf/lib\libc.a(lib_a-gettimeofdayr.o)
 .debug_info    0x0000000000004386       0x8a c:/intelfpga_lite/16.1/nios2eds/bin/gnu/h-x86_64-mingw32/bin/../lib/gcc/nios2-elf/5.3.0/../../../../../H-x86_64-mingw32/nios2-elf/lib\libc.a(lib_a-int_errno.o)
 .debug_info    0x0000000000004410      0x1eb c:/intelfpga_lite/16.1/nios2eds/bin/gnu/h-x86_64-mingw32/bin/../lib/gcc/nios2-elf/5.3.0\libgcc.a(_muldi3.o)
 .debug_info    0x00000000000045fb      0x1d9 ../hwsw_project_bsp/\libhal_bsp.a(alt_gettod.o)
 .debug_info    0x00000000000047d4      0x145 ../hwsw_project_bsp/\libhal_bsp.a(alt_load.o)
 .debug_info    0x0000000000004919      0x131 ../hwsw_project_bsp/\libhal_bsp.a(alt_main.o)
 .debug_info    0x0000000000004a4a      0x299 ../hwsw_project_bsp/\libhal_bsp.a(alt_tick.o)
 .debug_info    0x0000000000004ce3      0x19d ../hwsw_project_bsp/\libhal_bsp.a(alt_times.o)
 .debug_info    0x0000000000004e80      0x444 ../hwsw_project_bsp/\libhal_bsp.a(alt_sys_init.o)
 .debug_info    0x00000000000052c4      0x3a7 ../hwsw_project_bsp/\libhal_bsp.a(altera_avalon_jtag_uart_fd.o)
 .debug_info    0x000000000000566b      0x1b2 ../hwsw_project_bsp/\libhal_bsp.a(altera_avalon_jtag_uart_read.o)
 .debug_info    0x000000000000581d      0x195 ../hwsw_project_bsp/\libhal_bsp.a(altera_avalon_jtag_uart_write.o)
 .debug_info    0x00000000000059b2      0x226 ../hwsw_project_bsp/\libhal_bsp.a(altera_avalon_timer_sc.o)
 .debug_info    0x0000000000005bd8      0x388 ../hwsw_project_bsp/\libhal_bsp.a(altera_avalon_uart_fd.o)
 .debug_info    0x0000000000005f60      0x1a6 ../hwsw_project_bsp/\libhal_bsp.a(altera_avalon_uart_read.o)
 .debug_info    0x0000000000006106      0x1b9 ../hwsw_project_bsp/\libhal_bsp.a(altera_avalon_uart_write.o)
 .debug_info    0x00000000000062bf      0x321 ../hwsw_project_bsp/\libhal_bsp.a(alt_close.o)
 .debug_info    0x00000000000065e0       0xa5 ../hwsw_project_bsp/\libhal_bsp.a(alt_dcache_flush_all.o)
 .debug_info    0x0000000000006685      0x49c ../hwsw_project_bsp/\libhal_bsp.a(alt_dev.o)
 .debug_info    0x0000000000006b21      0x1a9 ../hwsw_project_bsp/\libhal_bsp.a(alt_dev_llist_insert.o)
 .debug_info    0x0000000000006cca       0x83 ../hwsw_project_bsp/\libhal_bsp.a(alt_do_ctors.o)
 .debug_info    0x0000000000006d4d       0x83 ../hwsw_project_bsp/\libhal_bsp.a(alt_do_dtors.o)
 .debug_info    0x0000000000006dd0       0xa6 ../hwsw_project_bsp/\libhal_bsp.a(alt_errno.o)
 .debug_info    0x0000000000006e76       0x92 ../hwsw_project_bsp/\libhal_bsp.a(alt_icache_flush_all.o)
 .debug_info    0x0000000000006f08      0x350 ../hwsw_project_bsp/\libhal_bsp.a(alt_iic.o)
 .debug_info    0x0000000000007258      0x1ef ../hwsw_project_bsp/\libhal_bsp.a(alt_iic_isr_register.o)
 .debug_info    0x0000000000007447      0x4a5 ../hwsw_project_bsp/\libhal_bsp.a(alt_io_redirect.o)
 .debug_info    0x00000000000078ec       0x97 ../hwsw_project_bsp/\libhal_bsp.a(alt_irq_entry.o)
 .debug_info    0x0000000000007983      0x187 ../hwsw_project_bsp/\libhal_bsp.a(alt_irq_handler.o)
 .debug_info    0x0000000000007b0a       0x88 ../hwsw_project_bsp/\libhal_bsp.a(alt_irq_vars.o)
 .debug_info    0x0000000000007b92      0x3bb ../hwsw_project_bsp/\libhal_bsp.a(alt_open.o)
 .debug_info    0x0000000000007f4d      0x2b0 ../hwsw_project_bsp/\libhal_bsp.a(alt_release_fd.o)
 .debug_info    0x00000000000081fd       0x92 ../hwsw_project_bsp/\libhal_bsp.a(altera_nios2_qsys_irq.o)
 .debug_info    0x000000000000828f       0x9d ../hwsw_project_bsp/\libhal_bsp.a(alt_exception_entry.o)
 .debug_info    0x000000000000832c      0x2e9 ../hwsw_project_bsp/\libhal_bsp.a(alt_find_dev.o)
 .debug_info    0x0000000000008615      0x2e6 ../hwsw_project_bsp/\libhal_bsp.a(alt_find_file.o)
 .debug_info    0x00000000000088fb      0x310 ../hwsw_project_bsp/\libhal_bsp.a(alt_get_fd.o)
 .debug_info    0x0000000000008c0b       0xdc ../hwsw_project_bsp/\libhal_bsp.a(alt_icache_flush.o)
 .debug_info    0x0000000000008ce7       0xfe c:/intelfpga_lite/16.1/nios2eds/bin/gnu/h-x86_64-mingw32/bin/../lib/gcc/nios2-elf/5.3.0/../../../../../H-x86_64-mingw32/nios2-elf/lib\libc.a(lib_a-atexit.o)
 .debug_info    0x0000000000008de5      0x8e4 c:/intelfpga_lite/16.1/nios2eds/bin/gnu/h-x86_64-mingw32/bin/../lib/gcc/nios2-elf/5.3.0/../../../../../H-x86_64-mingw32/nios2-elf/lib\libc.a(lib_a-exit.o)
 .debug_info    0x00000000000096c9      0x11a c:/intelfpga_lite/16.1/nios2eds/bin/gnu/h-x86_64-mingw32/bin/../lib/gcc/nios2-elf/5.3.0/../../../../../H-x86_64-mingw32/nios2-elf/lib\libc.a(lib_a-memcmp.o)
 .debug_info    0x00000000000097e3       0xe2 c:/intelfpga_lite/16.1/nios2eds/bin/gnu/h-x86_64-mingw32/bin/../lib/gcc/nios2-elf/5.3.0/../../../../../H-x86_64-mingw32/nios2-elf/lib\libc.a(lib_a-strlen.o)
 .debug_info    0x00000000000098c5      0x934 c:/intelfpga_lite/16.1/nios2eds/bin/gnu/h-x86_64-mingw32/bin/../lib/gcc/nios2-elf/5.3.0/../../../../../H-x86_64-mingw32/nios2-elf/lib\libc.a(lib_a-__atexit.o)
 .debug_info    0x000000000000a1f9      0x965 c:/intelfpga_lite/16.1/nios2eds/bin/gnu/h-x86_64-mingw32/bin/../lib/gcc/nios2-elf/5.3.0/../../../../../H-x86_64-mingw32/nios2-elf/lib\libc.a(lib_a-__call_atexit.o)
 .debug_info    0x000000000000ab5e      0x765 c:/intelfpga_lite/16.1/nios2eds/bin/gnu/h-x86_64-mingw32/bin/../lib/gcc/nios2-elf/5.3.0\libgcc.a(_umoddi3.o)
 .debug_info    0x000000000000b2c3       0xb2 c:/intelfpga_lite/16.1/nios2eds/bin/gnu/h-x86_64-mingw32/bin/../lib/gcc/nios2-elf/5.3.0\libgcc.a(_clz.o)
 .debug_info    0x000000000000b375       0xec ../hwsw_project_bsp/\libhal_bsp.a(alt_exit.o)

.debug_abbrev   0x0000000000000000     0x36fe
 *(.debug_abbrev)
 .debug_abbrev  0x0000000000000000       0x12 ../hwsw_project_bsp//obj/HAL/src/crt0.o
 .debug_abbrev  0x0000000000000012      0x23c obj/default/hello_world.o
 .debug_abbrev  0x000000000000024e      0x10e c:/intelfpga_lite/16.1/nios2eds/bin/gnu/h-x86_64-mingw32/bin/../lib/gcc/nios2-elf/5.3.0\libgcc.a(lib2-divmod.o)
 .debug_abbrev  0x000000000000035c      0x1f5 c:/intelfpga_lite/16.1/nios2eds/bin/gnu/h-x86_64-mingw32/bin/../lib/gcc/nios2-elf/5.3.0/../../../../../H-x86_64-mingw32/nios2-elf/lib\libc.a(lib_a-clock.o)
 .debug_abbrev  0x0000000000000551      0x18f c:/intelfpga_lite/16.1/nios2eds/bin/gnu/h-x86_64-mingw32/bin/../lib/gcc/nios2-elf/5.3.0/../../../../../H-x86_64-mingw32/nios2-elf/lib\libc.a(lib_a-impure.o)
 .debug_abbrev  0x00000000000006e0      0x1e5 c:/intelfpga_lite/16.1/nios2eds/bin/gnu/h-x86_64-mingw32/bin/../lib/gcc/nios2-elf/5.3.0/../../../../../H-x86_64-mingw32/nios2-elf/lib\libc.a(lib_a-rand.o)
 .debug_abbrev  0x00000000000008c5      0x1e6 c:/intelfpga_lite/16.1/nios2eds/bin/gnu/h-x86_64-mingw32/bin/../lib/gcc/nios2-elf/5.3.0/../../../../../H-x86_64-mingw32/nios2-elf/lib\libc.a(lib_a-time.o)
 .debug_abbrev  0x0000000000000aab      0x1f4 c:/intelfpga_lite/16.1/nios2eds/bin/gnu/h-x86_64-mingw32/bin/../lib/gcc/nios2-elf/5.3.0/../../../../../H-x86_64-mingw32/nios2-elf/lib\libc.a(lib_a-timesr.o)
 .debug_abbrev  0x0000000000000c9f      0x1f5 c:/intelfpga_lite/16.1/nios2eds/bin/gnu/h-x86_64-mingw32/bin/../lib/gcc/nios2-elf/5.3.0/../../../../../H-x86_64-mingw32/nios2-elf/lib\libc.a(lib_a-gettimeofdayr.o)
 .debug_abbrev  0x0000000000000e94       0x37 c:/intelfpga_lite/16.1/nios2eds/bin/gnu/h-x86_64-mingw32/bin/../lib/gcc/nios2-elf/5.3.0/../../../../../H-x86_64-mingw32/nios2-elf/lib\libc.a(lib_a-int_errno.o)
 .debug_abbrev  0x0000000000000ecb       0xef c:/intelfpga_lite/16.1/nios2eds/bin/gnu/h-x86_64-mingw32/bin/../lib/gcc/nios2-elf/5.3.0\libgcc.a(_muldi3.o)
 .debug_abbrev  0x0000000000000fba       0xf5 ../hwsw_project_bsp/\libhal_bsp.a(alt_gettod.o)
 .debug_abbrev  0x00000000000010af       0x9f ../hwsw_project_bsp/\libhal_bsp.a(alt_load.o)
 .debug_abbrev  0x000000000000114e       0xba ../hwsw_project_bsp/\libhal_bsp.a(alt_main.o)
 .debug_abbrev  0x0000000000001208      0x15a ../hwsw_project_bsp/\libhal_bsp.a(alt_tick.o)
 .debug_abbrev  0x0000000000001362       0xf1 ../hwsw_project_bsp/\libhal_bsp.a(alt_times.o)
 .debug_abbrev  0x0000000000001453      0x157 ../hwsw_project_bsp/\libhal_bsp.a(alt_sys_init.o)
 .debug_abbrev  0x00000000000015aa       0xf7 ../hwsw_project_bsp/\libhal_bsp.a(altera_avalon_jtag_uart_fd.o)
 .debug_abbrev  0x00000000000016a1       0xd5 ../hwsw_project_bsp/\libhal_bsp.a(altera_avalon_jtag_uart_read.o)
 .debug_abbrev  0x0000000000001776       0xd5 ../hwsw_project_bsp/\libhal_bsp.a(altera_avalon_jtag_uart_write.o)
 .debug_abbrev  0x000000000000184b      0x155 ../hwsw_project_bsp/\libhal_bsp.a(altera_avalon_timer_sc.o)
 .debug_abbrev  0x00000000000019a0       0xf0 ../hwsw_project_bsp/\libhal_bsp.a(altera_avalon_uart_fd.o)
 .debug_abbrev  0x0000000000001a90       0xd9 ../hwsw_project_bsp/\libhal_bsp.a(altera_avalon_uart_read.o)
 .debug_abbrev  0x0000000000001b69       0xe0 ../hwsw_project_bsp/\libhal_bsp.a(altera_avalon_uart_write.o)
 .debug_abbrev  0x0000000000001c49      0x11f ../hwsw_project_bsp/\libhal_bsp.a(alt_close.o)
 .debug_abbrev  0x0000000000001d68       0x5a ../hwsw_project_bsp/\libhal_bsp.a(alt_dcache_flush_all.o)
 .debug_abbrev  0x0000000000001dc2       0xd9 ../hwsw_project_bsp/\libhal_bsp.a(alt_dev.o)
 .debug_abbrev  0x0000000000001e9b      0x114 ../hwsw_project_bsp/\libhal_bsp.a(alt_dev_llist_insert.o)
 .debug_abbrev  0x0000000000001faf       0x79 ../hwsw_project_bsp/\libhal_bsp.a(alt_do_ctors.o)
 .debug_abbrev  0x0000000000002028       0x79 ../hwsw_project_bsp/\libhal_bsp.a(alt_do_dtors.o)
 .debug_abbrev  0x00000000000020a1       0x5a ../hwsw_project_bsp/\libhal_bsp.a(alt_errno.o)
 .debug_abbrev  0x00000000000020fb       0x42 ../hwsw_project_bsp/\libhal_bsp.a(alt_icache_flush_all.o)
 .debug_abbrev  0x000000000000213d      0x163 ../hwsw_project_bsp/\libhal_bsp.a(alt_iic.o)
 .debug_abbrev  0x00000000000022a0      0x169 ../hwsw_project_bsp/\libhal_bsp.a(alt_iic_isr_register.o)
 .debug_abbrev  0x0000000000002409      0x114 ../hwsw_project_bsp/\libhal_bsp.a(alt_io_redirect.o)
 .debug_abbrev  0x000000000000251d       0x12 ../hwsw_project_bsp/\libhal_bsp.a(alt_irq_entry.o)
 .debug_abbrev  0x000000000000252f      0x122 ../hwsw_project_bsp/\libhal_bsp.a(alt_irq_handler.o)
 .debug_abbrev  0x0000000000002651       0x40 ../hwsw_project_bsp/\libhal_bsp.a(alt_irq_vars.o)
 .debug_abbrev  0x0000000000002691      0x148 ../hwsw_project_bsp/\libhal_bsp.a(alt_open.o)
 .debug_abbrev  0x00000000000027d9       0xde ../hwsw_project_bsp/\libhal_bsp.a(alt_release_fd.o)
 .debug_abbrev  0x00000000000028b7       0x42 ../hwsw_project_bsp/\libhal_bsp.a(altera_nios2_qsys_irq.o)
 .debug_abbrev  0x00000000000028f9       0x12 ../hwsw_project_bsp/\libhal_bsp.a(alt_exception_entry.o)
 .debug_abbrev  0x000000000000290b       0xf0 ../hwsw_project_bsp/\libhal_bsp.a(alt_find_dev.o)
 .debug_abbrev  0x00000000000029fb       0xf0 ../hwsw_project_bsp/\libhal_bsp.a(alt_find_file.o)
 .debug_abbrev  0x0000000000002aeb      0x10d ../hwsw_project_bsp/\libhal_bsp.a(alt_get_fd.o)
 .debug_abbrev  0x0000000000002bf8       0x8c ../hwsw_project_bsp/\libhal_bsp.a(alt_icache_flush.o)
 .debug_abbrev  0x0000000000002c84       0xaa c:/intelfpga_lite/16.1/nios2eds/bin/gnu/h-x86_64-mingw32/bin/../lib/gcc/nios2-elf/5.3.0/../../../../../H-x86_64-mingw32/nios2-elf/lib\libc.a(lib_a-atexit.o)
 .debug_abbrev  0x0000000000002d2e      0x1e5 c:/intelfpga_lite/16.1/nios2eds/bin/gnu/h-x86_64-mingw32/bin/../lib/gcc/nios2-elf/5.3.0/../../../../../H-x86_64-mingw32/nios2-elf/lib\libc.a(lib_a-exit.o)
 .debug_abbrev  0x0000000000002f13       0x7f c:/intelfpga_lite/16.1/nios2eds/bin/gnu/h-x86_64-mingw32/bin/../lib/gcc/nios2-elf/5.3.0/../../../../../H-x86_64-mingw32/nios2-elf/lib\libc.a(lib_a-memcmp.o)
 .debug_abbrev  0x0000000000002f92       0x90 c:/intelfpga_lite/16.1/nios2eds/bin/gnu/h-x86_64-mingw32/bin/../lib/gcc/nios2-elf/5.3.0/../../../../../H-x86_64-mingw32/nios2-elf/lib\libc.a(lib_a-strlen.o)
 .debug_abbrev  0x0000000000003022      0x21e c:/intelfpga_lite/16.1/nios2eds/bin/gnu/h-x86_64-mingw32/bin/../lib/gcc/nios2-elf/5.3.0/../../../../../H-x86_64-mingw32/nios2-elf/lib\libc.a(lib_a-__atexit.o)
 .debug_abbrev  0x0000000000003240      0x22e c:/intelfpga_lite/16.1/nios2eds/bin/gnu/h-x86_64-mingw32/bin/../lib/gcc/nios2-elf/5.3.0/../../../../../H-x86_64-mingw32/nios2-elf/lib\libc.a(lib_a-__call_atexit.o)
 .debug_abbrev  0x000000000000346e      0x18a c:/intelfpga_lite/16.1/nios2eds/bin/gnu/h-x86_64-mingw32/bin/../lib/gcc/nios2-elf/5.3.0\libgcc.a(_umoddi3.o)
 .debug_abbrev  0x00000000000035f8       0x5d c:/intelfpga_lite/16.1/nios2eds/bin/gnu/h-x86_64-mingw32/bin/../lib/gcc/nios2-elf/5.3.0\libgcc.a(_clz.o)
 .debug_abbrev  0x0000000000003655       0xa9 ../hwsw_project_bsp/\libhal_bsp.a(alt_exit.o)

.debug_line     0x0000000000000000     0x3b73
 *(.debug_line)
 .debug_line    0x0000000000000000       0x72 ../hwsw_project_bsp//obj/HAL/src/crt0.o
 .debug_line    0x0000000000000072      0x602 obj/default/hello_world.o
 .debug_line    0x0000000000000674      0x102 c:/intelfpga_lite/16.1/nios2eds/bin/gnu/h-x86_64-mingw32/bin/../lib/gcc/nios2-elf/5.3.0\libgcc.a(lib2-divmod.o)
 .debug_line    0x0000000000000776      0x1fd c:/intelfpga_lite/16.1/nios2eds/bin/gnu/h-x86_64-mingw32/bin/../lib/gcc/nios2-elf/5.3.0/../../../../../H-x86_64-mingw32/nios2-elf/lib\libc.a(lib_a-clock.o)
 .debug_line    0x0000000000000973      0x15d c:/intelfpga_lite/16.1/nios2eds/bin/gnu/h-x86_64-mingw32/bin/../lib/gcc/nios2-elf/5.3.0/../../../../../H-x86_64-mingw32/nios2-elf/lib\libc.a(lib_a-impure.o)
 .debug_line    0x0000000000000ad0      0x1f5 c:/intelfpga_lite/16.1/nios2eds/bin/gnu/h-x86_64-mingw32/bin/../lib/gcc/nios2-elf/5.3.0/../../../../../H-x86_64-mingw32/nios2-elf/lib\libc.a(lib_a-rand.o)
 .debug_line    0x0000000000000cc5      0x1f5 c:/intelfpga_lite/16.1/nios2eds/bin/gnu/h-x86_64-mingw32/bin/../lib/gcc/nios2-elf/5.3.0/../../../../../H-x86_64-mingw32/nios2-elf/lib\libc.a(lib_a-time.o)
 .debug_line    0x0000000000000eba      0x1f0 c:/intelfpga_lite/16.1/nios2eds/bin/gnu/h-x86_64-mingw32/bin/../lib/gcc/nios2-elf/5.3.0/../../../../../H-x86_64-mingw32/nios2-elf/lib\libc.a(lib_a-timesr.o)
 .debug_line    0x00000000000010aa      0x204 c:/intelfpga_lite/16.1/nios2eds/bin/gnu/h-x86_64-mingw32/bin/../lib/gcc/nios2-elf/5.3.0/../../../../../H-x86_64-mingw32/nios2-elf/lib\libc.a(lib_a-gettimeofdayr.o)
 .debug_line    0x00000000000012ae       0x5c c:/intelfpga_lite/16.1/nios2eds/bin/gnu/h-x86_64-mingw32/bin/../lib/gcc/nios2-elf/5.3.0/../../../../../H-x86_64-mingw32/nios2-elf/lib\libc.a(lib_a-int_errno.o)
 .debug_line    0x000000000000130a       0x86 c:/intelfpga_lite/16.1/nios2eds/bin/gnu/h-x86_64-mingw32/bin/../lib/gcc/nios2-elf/5.3.0\libgcc.a(_muldi3.o)
 .debug_line    0x0000000000001390      0x136 ../hwsw_project_bsp/\libhal_bsp.a(alt_gettod.o)
 .debug_line    0x00000000000014c6       0x8e ../hwsw_project_bsp/\libhal_bsp.a(alt_load.o)
 .debug_line    0x0000000000001554       0xa4 ../hwsw_project_bsp/\libhal_bsp.a(alt_main.o)
 .debug_line    0x00000000000015f8       0xff ../hwsw_project_bsp/\libhal_bsp.a(alt_tick.o)
 .debug_line    0x00000000000016f7      0x136 ../hwsw_project_bsp/\libhal_bsp.a(alt_times.o)
 .debug_line    0x000000000000182d      0x175 ../hwsw_project_bsp/\libhal_bsp.a(alt_sys_init.o)
 .debug_line    0x00000000000019a2      0x112 ../hwsw_project_bsp/\libhal_bsp.a(altera_avalon_jtag_uart_fd.o)
 .debug_line    0x0000000000001ab4       0xfd ../hwsw_project_bsp/\libhal_bsp.a(altera_avalon_jtag_uart_read.o)
 .debug_line    0x0000000000001bb1       0xf4 ../hwsw_project_bsp/\libhal_bsp.a(altera_avalon_jtag_uart_write.o)
 .debug_line    0x0000000000001ca5       0xfd ../hwsw_project_bsp/\libhal_bsp.a(altera_avalon_timer_sc.o)
 .debug_line    0x0000000000001da2       0xe5 ../hwsw_project_bsp/\libhal_bsp.a(altera_avalon_uart_fd.o)
 .debug_line    0x0000000000001e87       0xf6 ../hwsw_project_bsp/\libhal_bsp.a(altera_avalon_uart_read.o)
 .debug_line    0x0000000000001f7d       0xfe ../hwsw_project_bsp/\libhal_bsp.a(altera_avalon_uart_write.o)
 .debug_line    0x000000000000207b      0x165 ../hwsw_project_bsp/\libhal_bsp.a(alt_close.o)
 .debug_line    0x00000000000021e0       0x61 ../hwsw_project_bsp/\libhal_bsp.a(alt_dcache_flush_all.o)
 .debug_line    0x0000000000002241       0xf8 ../hwsw_project_bsp/\libhal_bsp.a(alt_dev.o)
 .debug_line    0x0000000000002339       0xcf ../hwsw_project_bsp/\libhal_bsp.a(alt_dev_llist_insert.o)
 .debug_line    0x0000000000002408       0x59 ../hwsw_project_bsp/\libhal_bsp.a(alt_do_ctors.o)
 .debug_line    0x0000000000002461       0x59 ../hwsw_project_bsp/\libhal_bsp.a(alt_do_dtors.o)
 .debug_line    0x00000000000024ba       0x51 ../hwsw_project_bsp/\libhal_bsp.a(alt_errno.o)
 .debug_line    0x000000000000250b       0x50 ../hwsw_project_bsp/\libhal_bsp.a(alt_icache_flush_all.o)
 .debug_line    0x000000000000255b       0xeb ../hwsw_project_bsp/\libhal_bsp.a(alt_iic.o)
 .debug_line    0x0000000000002646       0xdb ../hwsw_project_bsp/\libhal_bsp.a(alt_iic_isr_register.o)
 .debug_line    0x0000000000002721      0x133 ../hwsw_project_bsp/\libhal_bsp.a(alt_io_redirect.o)
 .debug_line    0x0000000000002854       0x6b ../hwsw_project_bsp/\libhal_bsp.a(alt_irq_entry.o)
 .debug_line    0x00000000000028bf       0xaa ../hwsw_project_bsp/\libhal_bsp.a(alt_irq_handler.o)
 .debug_line    0x0000000000002969       0x50 ../hwsw_project_bsp/\libhal_bsp.a(alt_irq_vars.o)
 .debug_line    0x00000000000029b9      0x128 ../hwsw_project_bsp/\libhal_bsp.a(alt_open.o)
 .debug_line    0x0000000000002ae1       0xae ../hwsw_project_bsp/\libhal_bsp.a(alt_release_fd.o)
 .debug_line    0x0000000000002b8f       0x51 ../hwsw_project_bsp/\libhal_bsp.a(altera_nios2_qsys_irq.o)
 .debug_line    0x0000000000002be0       0xab ../hwsw_project_bsp/\libhal_bsp.a(alt_exception_entry.o)
 .debug_line    0x0000000000002c8b       0xb5 ../hwsw_project_bsp/\libhal_bsp.a(alt_find_dev.o)
 .debug_line    0x0000000000002d40       0xd1 ../hwsw_project_bsp/\libhal_bsp.a(alt_find_file.o)
 .debug_line    0x0000000000002e11       0xd4 ../hwsw_project_bsp/\libhal_bsp.a(alt_get_fd.o)
 .debug_line    0x0000000000002ee5       0x81 ../hwsw_project_bsp/\libhal_bsp.a(alt_icache_flush.o)
 .debug_line    0x0000000000002f66       0xe4 c:/intelfpga_lite/16.1/nios2eds/bin/gnu/h-x86_64-mingw32/bin/../lib/gcc/nios2-elf/5.3.0/../../../../../H-x86_64-mingw32/nios2-elf/lib\libc.a(lib_a-atexit.o)
 .debug_line    0x000000000000304a      0x1f9 c:/intelfpga_lite/16.1/nios2eds/bin/gnu/h-x86_64-mingw32/bin/../lib/gcc/nios2-elf/5.3.0/../../../../../H-x86_64-mingw32/nios2-elf/lib\libc.a(lib_a-exit.o)
 .debug_line    0x0000000000003243      0x173 c:/intelfpga_lite/16.1/nios2eds/bin/gnu/h-x86_64-mingw32/bin/../lib/gcc/nios2-elf/5.3.0/../../../../../H-x86_64-mingw32/nios2-elf/lib\libc.a(lib_a-memcmp.o)
 .debug_line    0x00000000000033b6      0x16c c:/intelfpga_lite/16.1/nios2eds/bin/gnu/h-x86_64-mingw32/bin/../lib/gcc/nios2-elf/5.3.0/../../../../../H-x86_64-mingw32/nios2-elf/lib\libc.a(lib_a-strlen.o)
 .debug_line    0x0000000000003522      0x21c c:/intelfpga_lite/16.1/nios2eds/bin/gnu/h-x86_64-mingw32/bin/../lib/gcc/nios2-elf/5.3.0/../../../../../H-x86_64-mingw32/nios2-elf/lib\libc.a(lib_a-__atexit.o)
 .debug_line    0x000000000000373e      0x237 c:/intelfpga_lite/16.1/nios2eds/bin/gnu/h-x86_64-mingw32/bin/../lib/gcc/nios2-elf/5.3.0/../../../../../H-x86_64-mingw32/nios2-elf/lib\libc.a(lib_a-__call_atexit.o)
 .debug_line    0x0000000000003975      0x13a c:/intelfpga_lite/16.1/nios2eds/bin/gnu/h-x86_64-mingw32/bin/../lib/gcc/nios2-elf/5.3.0\libgcc.a(_umoddi3.o)
 .debug_line    0x0000000000003aaf       0x53 c:/intelfpga_lite/16.1/nios2eds/bin/gnu/h-x86_64-mingw32/bin/../lib/gcc/nios2-elf/5.3.0\libgcc.a(_clz.o)
 .debug_line    0x0000000000003b02       0x71 ../hwsw_project_bsp/\libhal_bsp.a(alt_exit.o)

.debug_frame    0x0000000000000000      0xfd0
 *(.debug_frame)
 .debug_frame   0x0000000000000000      0x364 obj/default/hello_world.o
 .debug_frame   0x0000000000000364       0x50 c:/intelfpga_lite/16.1/nios2eds/bin/gnu/h-x86_64-mingw32/bin/../lib/gcc/nios2-elf/5.3.0\libgcc.a(lib2-divmod.o)
 .debug_frame   0x00000000000003b4       0x2c c:/intelfpga_lite/16.1/nios2eds/bin/gnu/h-x86_64-mingw32/bin/../lib/gcc/nios2-elf/5.3.0/../../../../../H-x86_64-mingw32/nios2-elf/lib\libc.a(lib_a-clock.o)
 .debug_frame   0x00000000000003e0       0x44 c:/intelfpga_lite/16.1/nios2eds/bin/gnu/h-x86_64-mingw32/bin/../lib/gcc/nios2-elf/5.3.0/../../../../../H-x86_64-mingw32/nios2-elf/lib\libc.a(lib_a-rand.o)
 .debug_frame   0x0000000000000424       0x34 c:/intelfpga_lite/16.1/nios2eds/bin/gnu/h-x86_64-mingw32/bin/../lib/gcc/nios2-elf/5.3.0/../../../../../H-x86_64-mingw32/nios2-elf/lib\libc.a(lib_a-time.o)
 .debug_frame   0x0000000000000458       0x20 c:/intelfpga_lite/16.1/nios2eds/bin/gnu/h-x86_64-mingw32/bin/../lib/gcc/nios2-elf/5.3.0/../../../../../H-x86_64-mingw32/nios2-elf/lib\libc.a(lib_a-timesr.o)
 .debug_frame   0x0000000000000478       0x38 c:/intelfpga_lite/16.1/nios2eds/bin/gnu/h-x86_64-mingw32/bin/../lib/gcc/nios2-elf/5.3.0/../../../../../H-x86_64-mingw32/nios2-elf/lib\libc.a(lib_a-gettimeofdayr.o)
 .debug_frame   0x00000000000004b0       0x20 c:/intelfpga_lite/16.1/nios2eds/bin/gnu/h-x86_64-mingw32/bin/../lib/gcc/nios2-elf/5.3.0\libgcc.a(_muldi3.o)
 .debug_frame   0x00000000000004d0       0x50 ../hwsw_project_bsp/\libhal_bsp.a(alt_gettod.o)
 .debug_frame   0x0000000000000520       0x5c ../hwsw_project_bsp/\libhal_bsp.a(alt_load.o)
 .debug_frame   0x000000000000057c       0x2c ../hwsw_project_bsp/\libhal_bsp.a(alt_main.o)
 .debug_frame   0x00000000000005a8       0x5c ../hwsw_project_bsp/\libhal_bsp.a(alt_tick.o)
 .debug_frame   0x0000000000000604       0x60 ../hwsw_project_bsp/\libhal_bsp.a(alt_times.o)
 .debug_frame   0x0000000000000664       0x88 ../hwsw_project_bsp/\libhal_bsp.a(alt_sys_init.o)
 .debug_frame   0x00000000000006ec       0x60 ../hwsw_project_bsp/\libhal_bsp.a(altera_avalon_jtag_uart_fd.o)
 .debug_frame   0x000000000000074c       0x34 ../hwsw_project_bsp/\libhal_bsp.a(altera_avalon_jtag_uart_read.o)
 .debug_frame   0x0000000000000780       0x34 ../hwsw_project_bsp/\libhal_bsp.a(altera_avalon_jtag_uart_write.o)
 .debug_frame   0x00000000000007b4       0x60 ../hwsw_project_bsp/\libhal_bsp.a(altera_avalon_timer_sc.o)
 .debug_frame   0x0000000000000814       0x60 ../hwsw_project_bsp/\libhal_bsp.a(altera_avalon_uart_fd.o)
 .debug_frame   0x0000000000000874       0x60 ../hwsw_project_bsp/\libhal_bsp.a(altera_avalon_uart_read.o)
 .debug_frame   0x00000000000008d4       0x60 ../hwsw_project_bsp/\libhal_bsp.a(altera_avalon_uart_write.o)
 .debug_frame   0x0000000000000934       0x60 ../hwsw_project_bsp/\libhal_bsp.a(alt_close.o)
 .debug_frame   0x0000000000000994       0x34 ../hwsw_project_bsp/\libhal_bsp.a(alt_dcache_flush_all.o)
 .debug_frame   0x00000000000009c8       0x34 ../hwsw_project_bsp/\libhal_bsp.a(alt_dev.o)
 .debug_frame   0x00000000000009fc       0x60 ../hwsw_project_bsp/\libhal_bsp.a(alt_dev_llist_insert.o)
 .debug_frame   0x0000000000000a5c       0x38 ../hwsw_project_bsp/\libhal_bsp.a(alt_do_ctors.o)
 .debug_frame   0x0000000000000a94       0x38 ../hwsw_project_bsp/\libhal_bsp.a(alt_do_dtors.o)
 .debug_frame   0x0000000000000acc       0x38 ../hwsw_project_bsp/\libhal_bsp.a(alt_icache_flush_all.o)
 .debug_frame   0x0000000000000b04       0xa4 ../hwsw_project_bsp/\libhal_bsp.a(alt_iic.o)
 .debug_frame   0x0000000000000ba8       0x38 ../hwsw_project_bsp/\libhal_bsp.a(alt_iic_isr_register.o)
 .debug_frame   0x0000000000000be0       0x60 ../hwsw_project_bsp/\libhal_bsp.a(alt_io_redirect.o)
 .debug_frame   0x0000000000000c40       0x38 ../hwsw_project_bsp/\libhal_bsp.a(alt_irq_handler.o)
 .debug_frame   0x0000000000000c78       0x84 ../hwsw_project_bsp/\libhal_bsp.a(alt_open.o)
 .debug_frame   0x0000000000000cfc       0x34 ../hwsw_project_bsp/\libhal_bsp.a(alt_release_fd.o)
 .debug_frame   0x0000000000000d30       0x34 ../hwsw_project_bsp/\libhal_bsp.a(altera_nios2_qsys_irq.o)
 .debug_frame   0x0000000000000d64       0x38 ../hwsw_project_bsp/\libhal_bsp.a(alt_find_dev.o)
 .debug_frame   0x0000000000000d9c       0x38 ../hwsw_project_bsp/\libhal_bsp.a(alt_find_file.o)
 .debug_frame   0x0000000000000dd4       0x34 ../hwsw_project_bsp/\libhal_bsp.a(alt_get_fd.o)
 .debug_frame   0x0000000000000e08       0x34 ../hwsw_project_bsp/\libhal_bsp.a(alt_icache_flush.o)
 .debug_frame   0x0000000000000e3c       0x20 c:/intelfpga_lite/16.1/nios2eds/bin/gnu/h-x86_64-mingw32/bin/../lib/gcc/nios2-elf/5.3.0/../../../../../H-x86_64-mingw32/nios2-elf/lib\libc.a(lib_a-atexit.o)
 .debug_frame   0x0000000000000e5c       0x28 c:/intelfpga_lite/16.1/nios2eds/bin/gnu/h-x86_64-mingw32/bin/../lib/gcc/nios2-elf/5.3.0/../../../../../H-x86_64-mingw32/nios2-elf/lib\libc.a(lib_a-exit.o)
 .debug_frame   0x0000000000000e84       0x20 c:/intelfpga_lite/16.1/nios2eds/bin/gnu/h-x86_64-mingw32/bin/../lib/gcc/nios2-elf/5.3.0/../../../../../H-x86_64-mingw32/nios2-elf/lib\libc.a(lib_a-memcmp.o)
 .debug_frame   0x0000000000000ea4       0x20 c:/intelfpga_lite/16.1/nios2eds/bin/gnu/h-x86_64-mingw32/bin/../lib/gcc/nios2-elf/5.3.0/../../../../../H-x86_64-mingw32/nios2-elf/lib\libc.a(lib_a-strlen.o)
 .debug_frame   0x0000000000000ec4       0x38 c:/intelfpga_lite/16.1/nios2eds/bin/gnu/h-x86_64-mingw32/bin/../lib/gcc/nios2-elf/5.3.0/../../../../../H-x86_64-mingw32/nios2-elf/lib\libc.a(lib_a-__atexit.o)
 .debug_frame   0x0000000000000efc       0x54 c:/intelfpga_lite/16.1/nios2eds/bin/gnu/h-x86_64-mingw32/bin/../lib/gcc/nios2-elf/5.3.0/../../../../../H-x86_64-mingw32/nios2-elf/lib\libc.a(lib_a-__call_atexit.o)
 .debug_frame   0x0000000000000f50       0x54 c:/intelfpga_lite/16.1/nios2eds/bin/gnu/h-x86_64-mingw32/bin/../lib/gcc/nios2-elf/5.3.0\libgcc.a(_umoddi3.o)
 .debug_frame   0x0000000000000fa4       0x2c ../hwsw_project_bsp/\libhal_bsp.a(alt_exit.o)

.debug_str      0x0000000000000000     0x1c63
 *(.debug_str)
 .debug_str     0x0000000000000000      0x22a obj/default/hello_world.o
                                        0x285 (size before relaxing)
 .debug_str     0x000000000000022a      0x16d c:/intelfpga_lite/16.1/nios2eds/bin/gnu/h-x86_64-mingw32/bin/../lib/gcc/nios2-elf/5.3.0\libgcc.a(lib2-divmod.o)
                                        0x1b8 (size before relaxing)
 .debug_str     0x0000000000000397      0x4be c:/intelfpga_lite/16.1/nios2eds/bin/gnu/h-x86_64-mingw32/bin/../lib/gcc/nios2-elf/5.3.0/../../../../../H-x86_64-mingw32/nios2-elf/lib\libc.a(lib_a-clock.o)
                                        0x5c0 (size before relaxing)
 .debug_str     0x0000000000000855       0xdb c:/intelfpga_lite/16.1/nios2eds/bin/gnu/h-x86_64-mingw32/bin/../lib/gcc/nios2-elf/5.3.0/../../../../../H-x86_64-mingw32/nios2-elf/lib\libc.a(lib_a-impure.o)
                                        0x59b (size before relaxing)
 .debug_str     0x0000000000000930       0xc2 c:/intelfpga_lite/16.1/nios2eds/bin/gnu/h-x86_64-mingw32/bin/../lib/gcc/nios2-elf/5.3.0/../../../../../H-x86_64-mingw32/nios2-elf/lib\libc.a(lib_a-rand.o)
                                        0x592 (size before relaxing)
 .debug_str     0x00000000000009f2       0x68 c:/intelfpga_lite/16.1/nios2eds/bin/gnu/h-x86_64-mingw32/bin/../lib/gcc/nios2-elf/5.3.0/../../../../../H-x86_64-mingw32/nios2-elf/lib\libc.a(lib_a-time.o)
                                        0x5b7 (size before relaxing)
 .debug_str     0x0000000000000a5a       0x44 c:/intelfpga_lite/16.1/nios2eds/bin/gnu/h-x86_64-mingw32/bin/../lib/gcc/nios2-elf/5.3.0/../../../../../H-x86_64-mingw32/nios2-elf/lib\libc.a(lib_a-timesr.o)
                                        0x5b6 (size before relaxing)
 .debug_str     0x0000000000000a9e       0x60 c:/intelfpga_lite/16.1/nios2eds/bin/gnu/h-x86_64-mingw32/bin/../lib/gcc/nios2-elf/5.3.0/../../../../../H-x86_64-mingw32/nios2-elf/lib\libc.a(lib_a-gettimeofdayr.o)
                                        0x5d7 (size before relaxing)
 .debug_str     0x0000000000000afe       0x3c c:/intelfpga_lite/16.1/nios2eds/bin/gnu/h-x86_64-mingw32/bin/../lib/gcc/nios2-elf/5.3.0/../../../../../H-x86_64-mingw32/nios2-elf/lib\libc.a(lib_a-int_errno.o)
                                        0x1c3 (size before relaxing)
 .debug_str     0x0000000000000b3a       0x8a c:/intelfpga_lite/16.1/nios2eds/bin/gnu/h-x86_64-mingw32/bin/../lib/gcc/nios2-elf/5.3.0\libgcc.a(_muldi3.o)
                                        0x20b (size before relaxing)
 .debug_str     0x0000000000000bc4       0xc1 ../hwsw_project_bsp/\libhal_bsp.a(alt_gettod.o)
                                        0x21c (size before relaxing)
 .debug_str     0x0000000000000c85       0xe9 ../hwsw_project_bsp/\libhal_bsp.a(alt_load.o)
                                        0x205 (size before relaxing)
 .debug_str     0x0000000000000d6e       0xca ../hwsw_project_bsp/\libhal_bsp.a(alt_main.o)
                                        0x1ba (size before relaxing)
 .debug_str     0x0000000000000e38       0xb5 ../hwsw_project_bsp/\libhal_bsp.a(alt_tick.o)
                                        0x26f (size before relaxing)
 .debug_str     0x0000000000000eed       0x2c ../hwsw_project_bsp/\libhal_bsp.a(alt_times.o)
                                        0x1c7 (size before relaxing)
 .debug_str     0x0000000000000f19      0x1cd ../hwsw_project_bsp/\libhal_bsp.a(alt_sys_init.o)
                                        0x394 (size before relaxing)
 .debug_str     0x00000000000010e6       0x77 ../hwsw_project_bsp/\libhal_bsp.a(altera_avalon_jtag_uart_fd.o)
                                        0x2f2 (size before relaxing)
 .debug_str     0x000000000000115d       0x48 ../hwsw_project_bsp/\libhal_bsp.a(altera_avalon_jtag_uart_read.o)
                                        0x23c (size before relaxing)
 .debug_str     0x00000000000011a5       0x4a ../hwsw_project_bsp/\libhal_bsp.a(altera_avalon_jtag_uart_write.o)
                                        0x232 (size before relaxing)
 .debug_str     0x00000000000011ef       0x7f ../hwsw_project_bsp/\libhal_bsp.a(altera_avalon_timer_sc.o)
                                        0x268 (size before relaxing)
 .debug_str     0x000000000000126e       0x5b ../hwsw_project_bsp/\libhal_bsp.a(altera_avalon_uart_fd.o)
                                        0x2b5 (size before relaxing)
 .debug_str     0x00000000000012c9       0x4b ../hwsw_project_bsp/\libhal_bsp.a(altera_avalon_uart_read.o)
                                        0x21e (size before relaxing)
 .debug_str     0x0000000000001314       0x40 ../hwsw_project_bsp/\libhal_bsp.a(altera_avalon_uart_write.o)
                                        0x226 (size before relaxing)
 .debug_str     0x0000000000001354       0x2c ../hwsw_project_bsp/\libhal_bsp.a(alt_close.o)
                                        0x228 (size before relaxing)
 .debug_str     0x0000000000001380       0x34 ../hwsw_project_bsp/\libhal_bsp.a(alt_dcache_flush_all.o)
                                        0x172 (size before relaxing)
 .debug_str     0x00000000000013b4      0x112 ../hwsw_project_bsp/\libhal_bsp.a(alt_dev.o)
                                        0x322 (size before relaxing)
 .debug_str     0x00000000000014c6       0x45 ../hwsw_project_bsp/\libhal_bsp.a(alt_dev_llist_insert.o)
                                        0x1bf (size before relaxing)
 .debug_str     0x000000000000150b       0x48 ../hwsw_project_bsp/\libhal_bsp.a(alt_do_ctors.o)
                                         0xc3 (size before relaxing)
 .debug_str     0x0000000000001553       0x4c ../hwsw_project_bsp/\libhal_bsp.a(alt_do_dtors.o)
                                         0xc2 (size before relaxing)
 .debug_str     0x000000000000159f       0x14 ../hwsw_project_bsp/\libhal_bsp.a(alt_errno.o)
                                        0x138 (size before relaxing)
 .debug_str     0x00000000000015b3       0x34 ../hwsw_project_bsp/\libhal_bsp.a(alt_icache_flush_all.o)
                                        0x172 (size before relaxing)
 .debug_str     0x00000000000015e7       0xbd ../hwsw_project_bsp/\libhal_bsp.a(alt_iic.o)
                                        0x25b (size before relaxing)
 .debug_str     0x00000000000016a4       0x4c ../hwsw_project_bsp/\libhal_bsp.a(alt_iic_isr_register.o)
                                        0x205 (size before relaxing)
 .debug_str     0x00000000000016f0       0x56 ../hwsw_project_bsp/\libhal_bsp.a(alt_io_redirect.o)
                                        0x333 (size before relaxing)
 .debug_str     0x0000000000001746       0x3a ../hwsw_project_bsp/\libhal_bsp.a(alt_irq_handler.o)
                                        0x1b4 (size before relaxing)
 .debug_str     0x0000000000001780       0x17 ../hwsw_project_bsp/\libhal_bsp.a(alt_irq_vars.o)
                                        0x157 (size before relaxing)
 .debug_str     0x0000000000001797       0x2f ../hwsw_project_bsp/\libhal_bsp.a(alt_open.o)
                                        0x268 (size before relaxing)
 .debug_str     0x00000000000017c6       0x28 ../hwsw_project_bsp/\libhal_bsp.a(alt_release_fd.o)
                                        0x1f0 (size before relaxing)
 .debug_str     0x00000000000017ee       0x3b ../hwsw_project_bsp/\libhal_bsp.a(altera_nios2_qsys_irq.o)
                                        0x179 (size before relaxing)
 .debug_str     0x0000000000001829       0x24 ../hwsw_project_bsp/\libhal_bsp.a(alt_find_dev.o)
                                        0x209 (size before relaxing)
 .debug_str     0x000000000000184d       0x26 ../hwsw_project_bsp/\libhal_bsp.a(alt_find_file.o)
                                        0x217 (size before relaxing)
 .debug_str     0x0000000000001873       0x30 ../hwsw_project_bsp/\libhal_bsp.a(alt_get_fd.o)